mysql> show databases;
+--------------------+
| Database           |
+--------------------+
| information_schema |
| leetcode           |
| mysql              |
| performance_schema |
| sys                |
+--------------------+
5 rows in set (0.04 sec)

mysql> use leetcode;
Database changed
mysql> show table;
ERROR 1064 (42000): You have an error in your SQL syntax; check the manual that corresponds to your MySQL server version for the right syntax to use near '' at line 1
mysql> show tables;
Empty set (0.01 sec)

mysql> CREATE TABLE player (
    ->   firstName VARCHAR(255) NOT NULL,  -- Adjust length based on your needs
    ->   middleName VARCHAR(255),           -- Adjust length based on your needs 
    ->   lastName VARCHAR(255) NOT NULL,    -- Adjust length based on your needs 
    ->   shirtNo INT(3) NOT NULL,
    ->   birthDate DATE NOT NULL,
    ->   position VARCHAR(50) NOT NULL,
    ->   isBanned BOOLEAN DEFAULT NULL,
    ->   isInjured BOOLEAN DEFAULT NULL,
    ->   teamID INT(3) NOT NULL,
    ->   PRIMARY KEY (shirtNo)
    -> );
Query OK, 0 rows affected, 2 warnings (0.07 sec)

mysql> INSERT INTO `player` (`firstName`, `middleName`, `lastName`, `shirtNo`, `birthDate`, `position`, `isBanned`, `isInjured`, `teamID`) VALUES ('Aaron', NULL, 'Ramsdale', '1', '1998-05-14', 'Goalkeeper', NULL, NULL, '1'), ('Karl', NULL, 'Hein', '31', '2002-04-13', 'Goalkeeper', NULL, NULL, '1'), ('David', NULL, 'Raya', '22', '1995-09-15', 'Goalkeeper', NULL, NULL, '1'), ('Ben', NULL, 'White', '4', '1997-10-08', 'Defender', NULL, NULL, '1'), ('Gabriel', NULL, 'Magalhães', '6', '1997-12-19', 'Defender', NULL, NULL, '1'), ('William', NULL, 'Saliba', '2', '2001-03-24', 'Defender', NULL, NULL, '1'), ('Jakub', NULL, 'Kiwior', '15', '2000-02-15', 'Defender', NULL, NULL, '1'), ('Takehiro', NULL, 'Tomiyasu', '18', '1998-11-05', 'Defender', NULL, NULL, '1'), ('Oleksandr', NULL, 'Zinchenko', '35', '1996-12-15', 'Defender', NULL, NULL, '1'), ('Jurriën', NULL, 'Timber', '12', '2001-06-17', 'Defender', NULL, NULL, '1'), ('James', NULL, 'Sweet', '73', '2004-11-03', 'Defender', NULL, NULL, '1'), ('Cédric', NULL, 'Soares', '17', '1991-08-31', 'Defender', NULL, NULL, '1'), ('Reuell', NULL, 'Walters', '76', '2004-12-16', 'Defender', NULL, NULL, '1'), ('Thomas', NULL, 'Partey', '5', '1993-06-13', 'Midfielder', NULL, NULL, '1'), ('Martin', NULL, 'Ødegaard', '8', '1998-12-17', 'Midfielder', NULL, NULL, '1'), ('Emile', NULL, 'Smith Rowe', '10', '2000-07-28', 'Midfielder', NULL, NULL, '1'), ('', NULL, 'Jorginho', '20', '1991-12-20', 'Midfielder', NULL, NULL, '1'), ('Fábio', NULL, 'Vieira', '21', '2000-05-30', 'Midfielder', NULL, NULL, '1'), ('Mohamed', NULL, 'Elneny', '25', '1992-07-11', 'Midfielder', NULL, NULL, '1'), ('Mauro', NULL, 'Bandeira', '41', '2004-04-19', 'Midfielder', NULL, NULL, '1'), ('Bradley', NULL, 'Ibrahim', '55', '2004-10-21', 'Midfielder', NULL, NULL, '1'), ('Kai', NULL, 'Havertz', '29', '1999-06-11', 'Midfielder', NULL, NULL, '1'), ('Declan', NULL, 'Rice', '41', '1999-01-14', 'Midfielder', NULL, NULL, '1'), ('Amario', NULL, 'Cozier-Duberry', '45', '2005-05-29', 'Midfielder', NULL, NULL, '1'), ('Bukayo', NULL, 'Saka', '7', '2001-09-05', 'Forward', NULL, NULL, '1'), ('Gabriel', NULL, 'Jesus', '9', '1997-04-03', 'Forward', NULL, NULL, '1'), ('Gabriel', NULL, 'Martinelli', '11', '2001-06-18', 'Forward', NULL, NULL, '1'), ('Eddie', NULL, 'Nketiah', '14', '1999-05-30', 'Forward', NULL, NULL, '1'), ('Leandro', NULL, 'Trossard', '19', '1994-12-04', 'Forward', NULL, NULL, '1'), ('Reiss', NULL, 'Nelson', '24', '1999-12-10', 'Forward', NULL, NULL, '1'), ('Charles', NULL, 'Sagoe', '71', '2004-07-24', 'Forward', NULL, NULL, '1');
ERROR 1062 (23000): Duplicate entry '41' for key 'player.PRIMARY'
mysql> INSERT INTO `player` (`firstName`, `middleName`, `lastName`, `shirtNo`, `birthDate`, `position`, `isBanned`, `isInjured`, `teamID`) VALUES ('Emiliano', NULL, 'Martínez', '1', '1992-09-02', 'Goalkeeper', NULL, NULL, '2'), ('Robin', NULL, 'Olsen', '25', '1990-01-08', 'Goalkeeper', NULL, NULL, '2'), ('James', NULL, 'Wright', '64', '2004-12-02', 'Goalkeeper', NULL, NULL, '2'), ('Filip', NULL, 'Marschall', '42', '2003-04-24', 'Goalkeeper', NULL, NULL, '2'), ('Matty', NULL, 'Cash', '2', '1997-08-07', 'Defender', NULL, NULL, '2'), ('Diego', NULL, 'Carlos', '3', '1993-03-15', 'Defender', NULL, NULL, '2'), ('Ezri', NULL, 'Konsa', '4', '1997-10-23', 'Defender', NULL, NULL, '2'), ('Tyrone', NULL, 'Mings', '5', '1993-03-13', 'Defender', NULL, NULL, '2'), ('Álex', NULL, 'Moreno', '15', '1993-06-08', 'Defender', NULL, NULL, '2'), ('Calum', NULL, 'Chambers', '16', '1995-01-20', 'Defender', NULL, NULL, '2'), ('Lucas', NULL, 'Digne', '12', '1993-07-20', 'Defender', NULL, NULL, '2'), ('Sil', NULL, 'Swinkels', '50', '2004-01-06', 'Defender', NULL, NULL, '2'), ('Kortney', NULL, 'Hause', '30', '1995-07-16', 'Defender', NULL, NULL, '2'), ('Pau', NULL, 'Torres', '14', '1997-01-16', 'Defender', NULL, NULL, '2'), ('Josh', NULL, 'Feeney', '59', '2005-05-06', 'Defender', NULL, NULL, '2'), ('Clément', NULL, 'Lenglet', '17', '1995-06-17', 'Defender', NULL, NULL, '2'), ('Douglas', NULL, 'Luiz', '6', '1998-05-09', 'Midfielder', NULL, NULL, '2'), ('John', NULL, 'McGinn', '7', '1994-10-18', 'Midfielder', NULL, NULL, '2'), ('Emiliano', NULL, 'Buendía', '10', '1996-12-25', 'Midfielder', NULL, NULL, '2'), ('Leander', NULL, 'Dendoncker', '32', '1995-04-15', 'Midfielder', NULL, NULL, '2'), ('Jacob', NULL, 'Ramsey', '41', '2001-05-28', 'Midfielder', NULL, NULL, '2'), ('Boubacar', NULL, 'Kamara', '44', '1999-11-23', 'Midfielder', NULL, NULL, '2'), ('Tommi', NULL, 'O''Reilly', '58', '2003-12-15', 'Midfielder', NULL, NULL, '2'), ('Travis', NULL, 'Patterson', '66', '2005-10-06', 'Midfielder', NULL, NULL, '2'), ('Bertrand', NULL, 'Traoré', '9', '1995-09-06', 'Midfielder', NULL, NULL, '2'), ('Leon', NULL, 'Bailey', '31', '1997-08-09', 'Midfielder', NULL, NULL, '2'), ('Youri', NULL, 'Tielemans', '8', '1997-05-07', 'Midfielder', NULL, NULL, '2'), ('Morgan', NULL, 'Sanson', '8', '1994-08-18', 'Midfielder', NULL, NULL, '2'), ('Tim', NULL, 'Iroegbunam', '47', '2003-06-30', 'Midfielder', NULL, NULL, '2'), ('Omari', NULL, 'Kellyman', '71', '2005-09-25', 'Midfielder', NULL, NULL, '2'), ('Nicolò', NULL, 'Zaniolo', '22', '1999-07-02', 'Midfielder', NULL, NULL, '2'), ('Kadan', NULL, 'Young', '72', '2006-01-19', 'Forward', NULL, NULL, '2'), ('Ollie', NULL, 'Watkins', '11', '1995-12-30', 'Forward', NULL, NULL, '2'), ('Jhon', NULL, 'Durán', '24', '2003-12-13', 'Forward', NULL, NULL, '2'), ('Moussa', NULL, 'Diaby', '19', '1999-07-07', 'Forward', NULL, NULL, '2');
ERROR 1062 (23000): Duplicate entry '8' for key 'player.PRIMARY'
mysql> INSERT INTO `player` (`firstName`, `middleName`, `lastName`, `shirtNo`, `birthDate`, `position`, `isBanned`, `isInjured`, `teamID`) VALUES ('Darren', NULL, 'Randolph', '12', '1987-05-12', 'Goalkeeper', NULL, NULL, '3'), ('', NULL, 'Neto', '1', '1989-07-19', 'Goalkeeper', NULL, NULL, '3'), ('Cameron', NULL, 'Plain', '45', '2001-09-24', 'Goalkeeper', NULL, NULL, '3'), ('Andrei', NULL, 'Radu', '20', '1997-05-28', 'Goalkeeper', NULL, NULL, '3'), ('Mark', NULL, 'Travers', '42', '1999-05-18', 'Goalkeeper', NULL, NULL, '3'), ('Ryan', NULL, 'Fredericks', '2', '1992-10-10', 'Defender', NULL, NULL, '3'), ('Lloyd', NULL, 'Kelly', '5', '1998-10-06', 'Defender', NULL, NULL, '3'), ('Chris', NULL, 'Mepham', '6', '1997-11-05', 'Defender', NULL, NULL, '3'), ('Adam', NULL, 'Smith', '15', '1991-04-29', 'Defender', NULL, NULL, '3'), ('Marcos', NULL, 'Senesi', '25', '1997-05-10', 'Defender', NULL, NULL, '3'), ('Illia', NULL, 'Zabarnyi', '27', '2002-09-01', 'Defender', NULL, NULL, '3'), ('Ben', NULL, 'Greenwood', '43', '2003-02-20', 'Defender', NULL, NULL, '3'), ('Milos', NULL, 'Kerkez', '3', '2003-11-07', 'Defender', NULL, NULL, '3'), ('Max', NULL, 'Aarons', '37', '2000-01-04', 'Defender', NULL, NULL, '3'), ('Lewis', NULL, 'Cook', '4', '1997-02-03', 'Midfielder', NULL, NULL, '3'), ('David', NULL, 'Brooks', '7', '1997-07-08', 'Midfielder', NULL, NULL, '3'), ('Ryan', NULL, 'Christie', '10', '1995-02-22', 'Midfielder', NULL, NULL, '3'), ('Joe', NULL, 'Rothwell', '8', '1995-01-11', 'Midfielder', NULL, NULL, '3'), ('Marcus', NULL, 'Tavernier', '16', '1999-03-22', 'Midfielder', NULL, NULL, '3'), ('Philip', NULL, 'Billing', '29', '1996-06-11', 'Midfielder', NULL, NULL, '3'), ('Hamed', NULL, 'Traorè', '22', '2000-02-16', 'Midfielder', NULL, NULL, '3'), ('Emiliano', NULL, 'Marcondes', '13', '1995-03-09', 'Midfielder', NULL, NULL, '3'), ('Gavin', NULL, 'Kilkenny', '26', '2000-02-01', 'Midfielder', NULL, NULL, '3'), ('Alex', NULL, 'Scott', '14', '2003-08-21', 'Midfielder', NULL, NULL, '3'), ('Tyler', NULL, 'Adams', '18', '1999-02-14', 'Midfielder', NULL, NULL, '3'), ('Dominic', NULL, 'Solanke', '9', '1997-09-14', 'Forward', NULL, NULL, '3'), ('Dango', NULL, 'Ouattara', '11', '2002-02-11', 'Forward', NULL, NULL, '3'), ('Kieffer', NULL, 'Moore', '21', '1992-08-08', 'Forward', NULL, NULL, '3'), ('Antoine', NULL, 'Semenyo', '24', '2000-01-07', 'Forward', NULL, NULL, '3'), ('Justin', NULL, 'Kluivert', '19', '1999-05-05', 'Forward', NULL, NULL, '3'), ('Luis', NULL, 'Sinisterra', '17', '1999-06-17', 'Forward', NULL, NULL, '3');
Query OK, 31 rows affected (0.00 sec)
Records: 31  Duplicates: 0  Warnings: 0

mysql> INSERT INTO `player` (`firstName`, `middleName`, `lastName`, `shirtNo`, `birthDate`, `position`, `isBanned`, `isInjured`, `teamID`) VALUES ('Thomas', NULL, 'Strakosha', '21', '1995-03-19', 'Goalkeeper', NULL, NULL, '4'), ('Mark', NULL, 'Flekken', '1', '1993-06-13', 'Goalkeeper', NULL, NULL, '4'), ('Ellery', NULL, 'Balcombe', '40', '1999-10-15', 'Goalkeeper', NULL, NULL, '4'), ('Aaron', NULL, 'Hickey', '2', '2002-06-10', 'Defender', NULL, NULL, '4'), ('Rico', NULL, 'Henry', '3', '1997-07-08', 'Defender', NULL, NULL, '4'), ('Ethan', NULL, 'Pinnock', '5', '1993-05-29', 'Defender', NULL, NULL, '4'), ('', NULL, 'Zanka', '13', '1990-04-23', 'Defender', NULL, NULL, '4'), ('Ben', NULL, 'Mee', '16', '1989-09-21', 'Defender', NULL, NULL, '4'), ('Pontus', NULL, 'Jansson', '18', '1991-02-13', 'Defender', NULL, NULL, '4'), ('Kristoffer', NULL, 'Ajer', '20', '1998-04-17', 'Defender', NULL, NULL, '4'), ('Mads', NULL, 'Roerslev', '30', '1999-06-24', 'Defender', NULL, NULL, '4'), ('Charlie', NULL, 'Goode', '4', '1995-08-03', 'Defender', NULL, NULL, '4'), ('Nathan', NULL, 'Collins', '22', '2001-04-30', 'Defender', NULL, NULL, '4'), ('Kim', NULL, 'Ji-Soo', '36', '2004-12-24', 'Defender', NULL, NULL, '4'), ('Valintino', NULL, 'Adedokun', '42', '2003-02-14', 'Defender', NULL, NULL, '4'), ('Christian', NULL, 'Nørgaard', '6', '1994-03-10', 'Midfielder', NULL, NULL, '4'), ('Mathias', NULL, 'Jensen', '8', '1996-01-01', 'Midfielder', NULL, NULL, '4'), ('Kevin', NULL, 'Schade', '9', '2001-11-27', 'Midfielder', NULL, NULL, '4'), ('Josh', NULL, 'Dasilva', '10', '1998-10-23', 'Midfielder', NULL, NULL, '4'), ('Yoane', NULL, 'Wissa', '11', '1996-09-03', 'Midfielder', NULL, NULL, '4'), ('Frank', NULL, 'Onyeka', '15', '1998-01-01', 'Midfielder', NULL, NULL, '4'), ('Bryan', NULL, 'Mbeumo', '19', '1999-08-07', 'Midfielder', NULL, NULL, '4'), ('Mikkel', NULL, 'Damsgaard', '24', '2000-07-03', 'Midfielder', NULL, NULL, '4'), ('Shandon', NULL, 'Baptiste', '26', '1998-04-08', 'Midfielder', NULL, NULL, '4'), ('Vitaly', NULL, 'Janelt', '27', '1998-05-10', 'Midfielder', NULL, NULL, '4'), ('Yehor', NULL, 'Yarmoliuk', '33', '2004-03-01', 'Midfielder', NULL, NULL, '4'), ('Kevin', NULL, 'Schade', '9', '2001-11-27', 'Midfielder', NULL, NULL, '4'), ('Myles', NULL, 'Peart-Harris', '25', '2002-09-18', 'Midfielder', NULL, NULL, '4'), ('Ethan', NULL, 'Brierley', '38', '2003-11-23', 'Midfielder', NULL, NULL, '4'), ('Ivan', NULL, 'Toney', '17', '1996-03-16', 'Forward', NULL, NULL, '4'), ('Keane', NULL, 'Lewis-Potter', '23', '2001-02-22', 'Forward', NULL, NULL, '4'), ('Michael', NULL, 'Olakigbe', '37', '2004-04-25', 'Forward', NULL, NULL, '4'), ('Nathan', NULL, 'Young-Coombes', '43', '2003-01-15', 'Forward', NULL, NULL, '4'), ('Joel', NULL, 'Valencia', '', '1994-11-16', 'Forward', NULL, NULL, '4'), ('Saman', NULL, 'Ghoddos', '14', '1993-09-06', 'Forward', NULL, NULL, '4'), ('Neal', NULL, 'Maupay', '7', '1996-08-14', 'Forward', NULL, NULL, '4');
ERROR 1062 (23000): Duplicate entry '21' for key 'player.PRIMARY'
mysql> INSERT INTO `player` (`firstName`, `middleName`, `lastName`, `shirtNo`, `birthDate`, `position`, `isBanned`, `isInjured`, `teamID`) VALUES ('Jason', NULL, 'Steele', '23', '1990-08-18', 'Goalkeeper', NULL, NULL, '5'), ('Tom', NULL, 'McGill', '38', '2000-03-25', 'Goalkeeper', NULL, NULL, '5'), ('Bart', NULL, 'Verbruggen', '1', '2002-08-18', 'Goalkeeper', NULL, NULL, '5'), ('Tariq', NULL, 'Lamptey', '2', '2000-09-30', 'Defender', NULL, NULL, '5'), ('Adam', NULL, 'Webster', '4', '1995-01-04', 'Defender', NULL, NULL, '5'), ('Lewis', NULL, 'Dunk', '5', '1991-11-21', 'Defender', NULL, NULL, '5'), ('Jan', NULL, 'Paul van Hecke', '29', '2000-06-08', 'Defender', NULL, NULL, '5'), ('Pervis', NULL, 'Estupiñán', '30', '1998-01-21', 'Defender', NULL, NULL, '5'), ('Joël', NULL, 'Veltman', '34', '1992-01-15', 'Defender', NULL, NULL, '5'), ('Igor', NULL, 'Julio', '3', '1998-02-07', 'Defender', NULL, NULL, '5'), ('Solly', NULL, 'March', '7', '1994-07-20', 'Midfielder', NULL, NULL, '5'), ('Pascal', NULL, 'Groß', '13', '1991-06-15', 'Midfielder', NULL, NULL, '5'), ('Adam', NULL, 'Lallana', '14', '', 'Midfielder', NULL, NULL, '5'), ('Jakub', NULL, 'Moder', '15', '1999-04-07', 'Midfielder', NULL, NULL, '5'), ('Kaoru', NULL, 'Mitoma', '22', '1997-05-20', 'Midfielder', NULL, NULL, '5'), ('Billy', NULL, 'Gilmour', '11', '2001-06-11', 'Midfielder', NULL, NULL, '5'), ('Facundo', NULL, 'Buonanotte', '40', '', 'Midfielder', NULL, NULL, '5'), ('Jack', NULL, 'Hinshelwood', '41', '2005-04-11', 'Midfielder', NULL, NULL, '5'), ('James', NULL, 'Milner', '6', '1986-01-04', 'Midfielder', NULL, NULL, '5'), ('Mahmoud', NULL, 'Dahoud', '8', '1996-01-01', 'Midfielder', NULL, NULL, '5'), ('Kacper', NULL, 'Kozlowski', '27', '2003-10-16', 'Midfielder', NULL, NULL, '5'), ('Carlos', NULL, 'Baleba', '20', '2004-01-03', 'Midfielder', NULL, NULL, '5'), ('Danny', NULL, 'Welbeck', '18', '1990-11-26', 'Forward', NULL, NULL, '5'), ('Julio', NULL, 'Enciso', '10', '2004-01-23', 'Forward', NULL, NULL, '5'), ('Evan', NULL, 'Ferguson', '28', '2004-10-19', 'Forward', NULL, NULL, '5'), ('João', NULL, 'Pedro', '9', '2001-09-26', 'Forward', NULL, NULL, '5'), ('Simon', NULL, 'Adingra', '24', '2002-01-01', 'Forward', NULL, NULL, '5'), ('Benicio', NULL, 'Baker-Boaitey', '47', '2004-01-09', 'Forward', NULL, NULL, '5'), ('Ansu', NULL, 'Fati', '31', '2002-10-31', 'Forward', NULL, NULL, '5'), ('Joshua', NULL, 'Duffus', '56', '2004-12-15', 'Forward', NULL, NULL, '5'), ('Mark', NULL, 'O’Mahony', '55', '', 'Forward', NULL, NULL, '5');
ERROR 1062 (23000): Duplicate entry '1' for key 'player.PRIMARY'
mysql> INSERT INTO `player` (`firstName`, `middleName`, `lastName`, `shirtNo`, `birthDate`, `position`, `isBanned`, `isInjured`, `teamID`) VALUES ('Denis', NULL, 'Franchi', '1', '2002-10-22', 'Goalkeeper', NULL, NULL, '6'), ('Arijanet', NULL, 'Muric', '49', '', 'Goalkeeper', NULL, NULL, '6'), ('Lawrence', NULL, 'Vigouroux', '29', '1993-11-19', 'Goalkeeper', NULL, NULL, '6'), ('James', NULL, 'Trafford', '1', '2002-10-10', 'Goalkeeper', NULL, NULL, '6'), ('Charlie', NULL, 'Taylor', '3', '1993-09-18', 'Defender', NULL, NULL, '6'), ('CJ', NULL, 'Egan-Riley', '6', '2003-01-02', 'Defender', NULL, NULL, '6'), ('Connor', NULL, 'Roberts', '14', '1995-09-23', 'Defender', NULL, NULL, '6'), ('Hjalmar', NULL, 'Ekdal', '18', '1998-10-21', 'Defender', NULL, NULL, '6'), ('', NULL, 'Vitinho', '22', '1999-07-23', 'Defender', NULL, NULL, '6'), ('Ameen', NULL, 'Al Dakhil', '28', '2002-03-06', 'Defender', NULL, NULL, '6'), ('Jordan', NULL, 'Beyer', '5', '2000-05-19', 'Defender', NULL, NULL, '6'), ('Dara', NULL, 'O''Shea', '2', '1999-03-04', 'Defender', NULL, NULL, '6'), ('Hannes', NULL, 'Delcroix', '44', '1999-02-28', 'Defender', NULL, NULL, '6'), ('Jack', NULL, 'Cork', '4', '1989-06-25', 'Midfielder', NULL, NULL, '6'), ('Jóhann', NULL, 'Gudmundsson', '7', '1990-10-27', 'Midfielder', NULL, NULL, '6'), ('Josh', NULL, 'Brownhill', '8', '1995-12-19', 'Midfielder', NULL, NULL, '6'), ('Josh', NULL, 'Cullen', '24', '1996-04-07', 'Midfielder', NULL, NULL, '6'), ('Nathan', NULL, 'Redmond', '15', '1994-03-06', 'Midfielder', NULL, NULL, '6'), ('Sander', NULL, 'Berge', '16', '1998-02-14', 'Midfielder', NULL, NULL, '6'), ('Aaron', NULL, 'Ramsey', '21', '2003-01-21', 'Midfielder', NULL, NULL, '6'), ('Han-Noah', NULL, 'Massengo', '42', '2001-07-07', 'Midfielder', NULL, NULL, '6'), ('Jay', NULL, 'Rodríguez', '9', '1989-07-29', 'Forward', NULL, NULL, '6'), ('Lyle', NULL, 'Foster', '17', '2000-09-03', 'Forward', NULL, NULL, '6'), ('Benson', NULL, 'Manuel', '10', '1997-03-28', 'Forward', NULL, NULL, '6'), ('Anass', NULL, 'Zaroury', '19', '2000-11-07', 'Forward', NULL, NULL, '6'), ('Darko', NULL, 'Churlinov', '27', '2000-07-11', 'Forward', NULL, NULL, '6'), ('Enock', NULL, 'Agyei', '48', '2005-01-13', 'Forward', NULL, NULL, '6'), ('Zeki', NULL, 'Amdouni', '25', '2000-12-04', 'Forward', NULL, NULL, '6'), ('Luca', NULL, 'Koleosho', '30', '2004-09-15', 'Forward', NULL, NULL, '6'), ('Jacob', NULL, 'Bruun Larsen', '34', '1998-09-19', 'Forward', NULL, NULL, '6'), ('Michael', NULL, 'Obafemi', '45', '2000-07-06', 'Forward', NULL, NULL, '6'), ('Wilson', NULL, 'Odobert', '47', '2004-11-28', 'Forward', NULL, NULL, '6'), ('Mike', NULL, 'Trésor', '31', '1999-05-28', 'Forward', NULL, NULL, '6');
ERROR 1062 (23000): Duplicate entry '1' for key 'player.PRIMARY'
mysql> INSERT INTO `player` (`firstName`, `middleName`, `lastName`, `shirtNo`, `birthDate`, `position`, `isBanned`, `isInjured`, `teamID`) VALUES ('Marcus', NULL, 'Bettinelli', '13', '1992-05-24', 'Goalkeeper', NULL, NULL, '7'), ('Édouard', NULL, 'Mendy', '16', '1992-03-01', 'Goalkeeper', NULL, NULL, '7'), ('Lucas', NULL, 'Bergström', '47', '2002-09-05', 'Goalkeeper', NULL, NULL, '7'), ('Ethan', NULL, 'Wady', '80', '2002-01-23', 'Goalkeeper', NULL, NULL, '7'), ('Eddie', NULL, 'Beach', '50', '2003-10-09', 'Goalkeeper', NULL, NULL, '7'), ('Robert', NULL, 'Sánchez', '1', '1997-11-18', 'Goalkeeper', NULL, NULL, '7'), ('Djordje', NULL, 'Petrovic', '28', '', 'Goalkeeper', NULL, NULL, '7'), ('Benoît', NULL, 'Badiashile', '5', '2001-03-26', 'Defender', NULL, NULL, '7'), ('Thiago', NULL, 'Silva', '6', '1984-09-22', 'Defender', NULL, NULL, '7'), ('Trevoh', NULL, 'Chalobah', '14', '1999-07-05', 'Defender', NULL, NULL, '7'), ('Ben', NULL, 'Chilwell', '21', '1996-12-21', 'Defender', NULL, NULL, '7'), ('Reece', NULL, 'James', '24', '1999-12-08', 'Defender', NULL, NULL, '7'), ('Kalidou', NULL, 'Koulibaly', '26', '1991-06-20', 'Defender', NULL, NULL, '7'), ('Marc', NULL, 'Cucurella', '3', '1998-07-22', 'Defender', NULL, NULL, '7'), ('Wesley', NULL, 'Fofana', '33', '2000-12-17', 'Defender', NULL, NULL, '7'), ('Alfie', NULL, 'Gilchrist', '42', '2003-11-28', 'Defender', NULL, NULL, '7'), ('Levi', NULL, 'Colwill', '26', '2003-02-26', 'Defender', NULL, NULL, '7'), ('Malo', NULL, 'Gusto', '27', '2003-05-19', 'Defender', NULL, NULL, '7'), ('Malang', NULL, 'Sarr', '31', '1999-01-23', 'Defender', NULL, NULL, '7'), ('Ian', NULL, 'Maatsen', '29', '2002-03-10', 'Defender', NULL, NULL, '7'), ('Axel', NULL, 'Disasi', '2', '1998-03-11', 'Defender', NULL, NULL, '7'), ('Ishé', NULL, 'Samuels-Smith', '53', '2006-06-05', 'Defender', NULL, NULL, '7'), ('Josh', NULL, 'Brooking', '44', '2002-09-01', 'Defender', NULL, NULL, '7'), ('Enzo', NULL, 'Fernández', '8', '2001-01-17', 'Midfielder', NULL, NULL, '7'), ('Mykhailo', NULL, 'Mudryk', '10', '2001-01-05', 'Midfielder', NULL, NULL, '7'), ('Conor', NULL, 'Gallagher', '23', '2000-02-06', 'Midfielder', NULL, NULL, '7'), ('Carney', NULL, 'Chukwuemeka', '17', '2003-10-20', 'Midfielder', NULL, NULL, '7'), ('Lesley', NULL, 'Ugochukwu', '16', '2004-03-26', 'Midfielder', NULL, NULL, '7'), ('Moisés', NULL, 'Caicedo', '25', '', 'Midfielder', NULL, NULL, '7'), ('Roméo', NULL, 'Lavia', '45', '2004-01-06', 'Midfielder', NULL, NULL, '7'), ('Cole', NULL, 'Palmer', '20', '2002-05-06', 'Midfielder', NULL, NULL, '7'), ('Leo', NULL, 'Castledine', '54', '2005-08-20', 'Midfielder', NULL, NULL, '7'), ('João', NULL, 'Félix', '11', '1999-11-10', 'Forward', NULL, NULL, '7'), ('Raheem', NULL, 'Sterling', '7', '1994-12-08', 'Forward', NULL, NULL, '7'), ('Armando', NULL, 'Broja', '19', '2001-09-10', 'Forward', NULL, NULL, '7'), ('Noni', NULL, 'Madueke', '11', '2002-03-10', 'Forward', NULL, NULL, '7'), ('Christopher', NULL, 'Nkunku', '18', '1997-11-14', 'Forward', NULL, NULL, '7'), ('Nicolas', NULL, 'Jackson', '15', '2001-06-20', 'Forward', NULL, NULL, '7'), ('Deivid', NULL, 'Washington', '36', '2005-06-05', 'Forward', NULL, NULL, '7'), ('Ronnie', NULL, 'Stutter', '62', '2005-01-06', 'Forward', NULL, NULL, '7'), ('Alex', NULL, 'Matos', '52', '', 'Forward', NULL, NULL, '7');
ERROR 1062 (23000): Duplicate entry '13' for key 'player.PRIMARY'
mysql> INSERT INTO `player` (`firstName`, `middleName`, `lastName`, `shirtNo`, `birthDate`, `position`, `isBanned`, `isInjured`, `teamID`) VALUES ('Sam', NULL, 'Johnstone', '1', '1993-03-25', 'Goalkeeper', NULL, NULL, '8'), ('Joe', NULL, 'Whitworth', '41', '2004-02-29', 'Goalkeeper', NULL, NULL, '8'), ('Remi', NULL, 'Matthews', '31', '1994-02-10', 'Goalkeeper', NULL, NULL, '8'), ('Dean', NULL, 'Henderson', '30', '1997-03-12', 'Goalkeeper', NULL, NULL, '8'), ('Joel', NULL, 'Ward', '2', '', 'Defender', NULL, NULL, '8'), ('Tyrick', NULL, 'Mitchell', '3', '1999-09-01', 'Defender', NULL, NULL, '8'), ('James', NULL, 'Tomkins', '5', '1989-03-29', 'Defender', NULL, NULL, '8'), ('Marc', NULL, 'Guéhi', '6', '2000-07-13', 'Defender', NULL, NULL, '8'), ('Joachim', NULL, 'Andersen', '16', '1996-05-31', 'Defender', NULL, NULL, '8'), ('Nathaniel', NULL, 'Clyne', '17', '1991-04-05', 'Defender', NULL, NULL, '8'), ('Chris', NULL, 'Richards', '26', '2000-03-28', 'Defender', NULL, NULL, '8'), ('Nathan', NULL, 'Ferguson', '36', '', 'Defender', NULL, NULL, '8'), ('Seán', NULL, 'Grehan', '42', '2004-01-08', 'Defender', NULL, NULL, '8'), ('Rob', NULL, 'Holding', '4', '1995-09-20', 'Defender', NULL, NULL, '8'), ('Luka', NULL, 'Milivojevic', '4', '', 'Midfielder', NULL, NULL, '8'), ('Michael', NULL, 'Olise', '7', '2001-12-12', 'Midfielder', NULL, NULL, '8'), ('Eberechi', NULL, 'Eze', '10', '1998-06-29', 'Midfielder', NULL, NULL, '8'), ('Jeffrey', NULL, 'Schlupp', '15', '1992-12-23', 'Midfielder', NULL, NULL, '8'), ('Will', NULL, 'Hughes', '19', '1995-04-17', 'Midfielder', NULL, NULL, '8'), ('Cheick', NULL, 'Doucouré', '28', '2000-01-08', 'Midfielder', NULL, NULL, '8'), ('Naouirou', NULL, 'Ahamada', '29', '', 'Midfielder', NULL, NULL, '8'), ('Jairo', NULL, 'Riedewald', '44', '1996-09-09', 'Midfielder', NULL, NULL, '8'), ('Jefferson', NULL, 'Lerma', '8', '1994-10-25', 'Midfielder', NULL, NULL, '8'), ('Jesurun', NULL, 'Rak-Sakyi', '49', '', 'Midfielder', NULL, NULL, '8'), ('Jack', NULL, 'Wells-Morrison', '40', '', 'Midfielder', NULL, NULL, '8'), ('David', NULL, 'Ozoh', '77', '', 'Midfielder', NULL, NULL, '8'), ('Jadan', NULL, 'Raymond', '60', '2003-10-15', 'Midfielder', NULL, NULL, '8'), ('Jordan', NULL, 'Ayew', '9', '', 'Forward', NULL, NULL, '8'), ('Jean-Philippe', NULL, 'Mateta', '14', '', 'Forward', NULL, NULL, '8'), ('Odsonne', NULL, 'Édouard', '22', '1998-01-16', 'Forward', NULL, NULL, '8'), ('Adler', NULL, 'Nascimento', '76', '', 'Forward', NULL, NULL, '8'), ('Malcolm', NULL, 'Ebiowei', '23', '2003-09-04', 'Forward', NULL, NULL, '8'), ('Matheus', NULL, 'França', '11', '2004-04-01', 'Forward', NULL, NULL, '8');
ERROR 1062 (23000): Duplicate entry '1' for key 'player.PRIMARY'
mysql> INSERT INTO `player` (`firstName`, `middleName`, `lastName`, `shirtNo`, `birthDate`, `position`, `isBanned`, `isInjured`, `teamID`) VALUES ('Jordan', NULL, 'Pickford', '1', '1994-03-07', 'Goalkeeper', NULL, NULL, '9'), ('Asmir', NULL, 'Begovic', '15', '1987-06-20', 'Goalkeeper', NULL, NULL, '9'), ('Andy', NULL, 'Lonergan', '31', '1983-10-19', 'Goalkeeper', NULL, NULL, '9'), ('Billy', NULL, 'Crellin', '43', '2000-06-30', 'Goalkeeper', NULL, NULL, '9'), ('João', NULL, 'Virgínia', '12', '1999-10-10', 'Goalkeeper', NULL, NULL, '9'), ('James', NULL, 'Tarkowski', '6', '1992-11-19', 'Defender', NULL, NULL, '9'), ('Nathan', NULL, 'Patterson', '2', '2001-10-16', 'Defender', NULL, NULL, '9'), ('Michael', NULL, 'Keane', '5', '1993-01-11', 'Defender', NULL, NULL, '9'), ('Vitalii', NULL, 'Mykolenko', '19', '1999-05-29', 'Defender', NULL, NULL, '9'), ('Ben', NULL, 'Godfrey', '22', '1998-01-15', 'Defender', NULL, NULL, '9'), ('Séamus', NULL, 'Coleman', '23', '1988-10-11', 'Defender', NULL, NULL, '9'), ('Conor', NULL, 'Coady', '30', '1993-02-25', 'Defender', NULL, NULL, '9'), ('Jarrad', NULL, 'Branthwaite', '32', '2002-06-27', 'Defender', NULL, NULL, '9'), ('Ashley', NULL, 'Young', '18', '1985-07-09', 'Defender', NULL, NULL, '9'), ('Amadou', NULL, 'Onana', '8', '2001-08-16', 'Midfielder', NULL, NULL, '9'), ('Abdoulaye', NULL, 'Doucouré', '16', '1993-01-01', 'Midfielder', NULL, NULL, '9'), ('Idrissa', NULL, 'Gueye', '27', '1989-09-26', 'Midfielder', NULL, NULL, '9'), ('James', NULL, 'Garner', '37', '2001-03-13', 'Midfielder', NULL, NULL, '9'), ('Sean', NULL, 'McAllister', '46', '2002-09-15', 'Midfielder', NULL, NULL, '9'), ('Stanley', NULL, 'Mills', '56', '2003-10-25', 'Midfielder', NULL, NULL, '9'), ('Dele', NULL, 'Alli', '20', '1996-04-11', 'Midfielder', NULL, NULL, '9'), ('André', NULL, 'Gomes', '21', '1993-07-30', 'Midfielder', NULL, NULL, '9'), ('Tyler', NULL, 'Onyango', '62', '2003-03-04', 'Midfielder', NULL, NULL, '9'), ('Jack', NULL, 'Harrison', '11', '1996-11-20', 'Midfielder', NULL, NULL, '9'), ('Mackenzie', NULL, 'Hunt', '58', '2001-11-14', 'Midfielder', NULL, NULL, '9'), ('Dwight', NULL, 'McNeil', '7', '1999-11-22', 'Forward', NULL, NULL, '9'), ('Dominic', NULL, 'Calvert-Lewin', '9', '1997-03-16', 'Forward', NULL, NULL, '9'), ('Lewis', NULL, 'Dobbin', '61', '2003-01-03', 'Forward', NULL, NULL, '9'), ('Arnaut', NULL, 'Danjuma', '10', '1997-01-31', 'Forward', NULL, NULL, '9'), ('Youssef', NULL, 'Chermiti', '28', '2004-05-24', 'Forward', NULL, NULL, '9'), ('', NULL, 'Beto', '14', '1998-01-31', 'Forward', NULL, NULL, '9');
ERROR 1062 (23000): Duplicate entry '1' for key 'player.PRIMARY'
mysql> INSERT INTO `player` (`firstName`, `middleName`, `lastName`, `shirtNo`, `birthDate`, `position`, `isBanned`, `isInjured`, `teamID`) VALUES ('Marek', NULL, 'Rodák', '1', '1996-12-13', 'Goalkeeper', NULL, NULL, '10'), ('Bernd', NULL, 'Leno', '17', '1992-03-04', 'Goalkeeper', NULL, NULL, '10'), ('George', NULL, 'Wickens', '40', '2001-11-08', 'Goalkeeper', NULL, NULL, '10'), ('Steven', NULL, 'Benda', '23', '1998-10-01', 'Goalkeeper', NULL, NULL, '10'), ('Kenny', NULL, 'Tete', '2', '1995-10-09', 'Defender', NULL, NULL, '10'), ('Tosin', NULL, 'Adarabioyo', '4', '1997-09-24', 'Defender', NULL, NULL, '10'), ('Tim', NULL, 'Ream', '13', '1987-10-05', 'Defender', NULL, NULL, '10'), ('Issa', NULL, 'Diop', '31', '1997-01-09', 'Defender', NULL, NULL, '10'), ('Antonee', NULL, 'Robinson', '33', '1997-08-08', 'Defender', NULL, NULL, '10'), ('Luc', NULL, 'De Fougerolles', '44', '2005-10-12', 'Defender', NULL, NULL, '10'), ('Calvin', NULL, 'Bassey', '3', '1999-12-31', 'Defender', NULL, NULL, '10'), ('Timothy', NULL, 'Castagne', '21', '1995-12-05', 'Defender', NULL, NULL, '10'), ('Fodé', NULL, 'Ballo-Touré', '12', '1997-01-03', 'Defender', NULL, NULL, '10'), ('Devan', NULL, 'Tanton', '41', '2004-01-03', 'Defender', NULL, NULL, '10'), ('Harrison', NULL, 'Reed', '6', '1995-01-27', 'Midfielder', NULL, NULL, '10'), ('Harry', NULL, 'Wilson', '8', '1997-03-22', 'Midfielder', NULL, NULL, '10'), ('Tom', NULL, 'Cairney', '10', '1991-01-20', 'Midfielder', NULL, NULL, '10'), ('Andreas', NULL, 'Pereira', '18', '1996-01-01', 'Midfielder', NULL, NULL, '10'), ('João', NULL, 'Palhinha', '26', '1995-07-09', 'Midfielder', NULL, NULL, '10'), ('Sasa', NULL, 'Lukic', '28', '1996-08-13', 'Midfielder', NULL, NULL, '10'), ('Tyrese', NULL, 'Francois', '35', '2000-07-16', 'Midfielder', NULL, NULL, '10'), ('Luke', NULL, 'Harris', '38', '2005-03-04', 'Midfielder', NULL, NULL, '10'), ('Matthew', NULL, 'Dibley-Dias', '49', '2003-10-29', 'Midfielder', NULL, NULL, '10'), ('Bobby', NULL, 'De Cordova-Reid', '14', '1993-02-02', 'Forward', NULL, NULL, '10'), ('', NULL, 'Willian', '20', '1988-08-09', 'Forward', NULL, NULL, '10'), ('Carlos', NULL, 'Vinícius', '30', '1995-03-25', 'Forward', NULL, NULL, '10'), ('Rodrigo', NULL, 'Muniz', '19', '2001-05-04', 'Forward', NULL, NULL, '10'), ('Raúl', NULL, 'Jiménez', '7', '1991-05-05', 'Forward', NULL, NULL, '10'), ('Adama', NULL, 'Traoré', '11', '1996-01-25', 'Forward', NULL, NULL, '10'), ('Alex', NULL, 'Iwobi', '22', '1996-05-03', 'Forward', NULL, NULL, '10');
ERROR 1062 (23000): Duplicate entry '1' for key 'player.PRIMARY'
mysql> INSERT INTO `player` (`firstName`, `middleName`, `lastName`, `shirtNo`, `birthDate`, `position`, `isBanned`, `isInjured`, `teamID`) VALUES ('Alisson', NULL, 'Becker', '1', '1992-10-02', 'Goalkeeper', NULL, NULL, '11'), ('', NULL, 'Adrián', '13', '1987-01-03', 'Goalkeeper', NULL, NULL, '11'), ('Caoimhín', NULL, 'Kelleher', '62', '1998-11-23', 'Goalkeeper', NULL, NULL, '11'), ('Fabian', NULL, 'Mrozek', '93', '2003-09-28', 'Goalkeeper', NULL, NULL, '11'), ('Marcelo', NULL, 'Pitaluga', '45', '2002-12-20', 'Goalkeeper', NULL, NULL, '11'), ('Vítezslav', NULL, 'Jaros', '56', '2001-07-23', 'Goalkeeper', NULL, NULL, '11'), ('Joe', NULL, 'Gomez', '2', '1997-05-23', 'Defender', NULL, NULL, '11'), ('Virgil', NULL, 'van Dijk', '4', '1991-07-08', 'Defender', NULL, NULL, '11'), ('Ibrahima', NULL, 'Konaté', '5', '1999-05-25', 'Defender', NULL, NULL, '11'), ('Kostas', NULL, 'Tsimikas', '21', '1996-05-12', 'Defender', NULL, NULL, '11'), ('Calvin', NULL, 'Ramsay', '22', '2003-07-31', 'Defender', NULL, NULL, '11'), ('Andy', NULL, 'Robertson', '26', '1994-03-11', 'Defender', NULL, NULL, '11'), ('Joël', NULL, 'Matip', '32', '1991-08-08', 'Defender', NULL, NULL, '11'), ('Rhys', NULL, 'Williams', '46', '2001-02-03', 'Defender', NULL, NULL, '11'), ('Trent', NULL, 'Alexander-Arnold', '66', '1998-10-07', 'Defender', NULL, NULL, '11'), ('Luke', NULL, 'Chambers', '44', '2004-06-24', 'Defender', NULL, NULL, '11'), ('Jarell', NULL, 'Quansah', '78', '2003-01-29', 'Defender', NULL, NULL, '11'), ('Conor', NULL, 'Bradley', '84', '2003-07-09', 'Defender', NULL, NULL, '11'), ('Stefan', NULL, 'Bajcetic', '43', '2004-10-22', 'Midfielder', NULL, NULL, '11'), ('Thiago', NULL, 'Alcântara', '6', '1991-04-11', 'Midfielder', NULL, NULL, '11'), ('Naby', NULL, 'Keïta', '8', '1995-02-10', 'Midfielder', NULL, NULL, '11'), ('Alex', NULL, 'Oxlade-Chamberlain', '15', '1993-08-15', 'Midfielder', NULL, NULL, '11'), ('Curtis', NULL, 'Jones', '17', '2001-01-30', 'Midfielder', NULL, NULL, '11'), ('Harvey', NULL, 'Elliott', '19', '2003-04-04', 'Midfielder', NULL, NULL, '11'), ('Fábio', NULL, 'Carvalho', '28', '2002-08-30', 'Midfielder', NULL, NULL, '11'), ('', NULL, 'Arthur', '29', '1996-08-12', 'Midfielder', NULL, NULL, '11'), ('Bobby', NULL, 'Clark', '42', '2005-02-07', 'Midfielder', NULL, NULL, '11'), ('Alexis', NULL, 'Mac Allister', '10', '1998-12-24', 'Midfielder', NULL, NULL, '11'), ('Dominik', NULL, 'Szoboszlai', '8', '2000-10-25', 'Midfielder', NULL, NULL, '11'), ('Wataru', NULL, 'Endo', '3', '1993-02-09', 'Midfielder', NULL, NULL, '11'), ('Ryan', NULL, 'Gravenberch', '38', '2002-05-16', 'Midfielder', NULL, NULL, '11'), ('Treymaurice', NULL, 'Nyoni', '98', '2007-06-30', 'Midfielder', NULL, NULL, '11'), ('Mohamed', NULL, 'Salah', '11', '1992-06-15', 'Forward', NULL, NULL, '11'), ('Cody', NULL, 'Gakpo', '18', '1999-05-07', 'Forward', NULL, NULL, '11'), ('Diogo', NULL, 'Jota', '20', '1996-12-04', 'Forward', NULL, NULL, '11'), ('Luis', NULL, 'Díaz', '7', '1997-01-13', 'Forward', NULL, NULL, '11'), ('Darwin', NULL, 'Núñez', '9', '1999-06-24', 'Forward', NULL, NULL, '11'), ('Ben', NULL, 'Doak', '50', '2005-11-11', 'Forward', NULL, NULL, '11'), ('Kaide', NULL, 'Gordon', '49', '2004-10-05', 'Forward', NULL, NULL, '11');
ERROR 1062 (23000): Duplicate entry '1' for key 'player.PRIMARY'
mysql> INSERT INTO `player` (`firstName`, `middleName`, `lastName`, `shirtNo`, `birthDate`, `position`, `isBanned`, `isInjured`, `teamID`) VALUES ('James', NULL, 'Shea', '1', '1991-06-16', 'Goalkeeper', NULL, NULL, '12'), ('Thomas', NULL, 'Kaminski', '24', '1992-10-23', 'Goalkeeper', NULL, NULL, '12'), ('Tim', NULL, 'Krul', '23', '1988-04-03', 'Goalkeeper', NULL, NULL, '12'), ('Dan', NULL, 'Potts', '3', '1994-04-13', 'Defender', NULL, NULL, '12'), ('Tom', NULL, 'Lockyer', '4', '1994-12-03', 'Defender', NULL, NULL, '12'), ('Reece', NULL, 'Burke', '16', '1996-09-02', 'Defender', NULL, NULL, '12'), ('Amari''i', NULL, 'Bell', '29', '1994-05-05', 'Defender', NULL, NULL, '12'), ('Gabriel', NULL, 'Osho', '2', '1998-08-14', 'Defender', NULL, NULL, '12'), ('Joe', NULL, 'Johnson', '38', '2006-02-21', 'Defender', NULL, NULL, '12'), ('Mads', NULL, 'Andersen', '5', '1997-12-27', 'Defender', NULL, NULL, '12'), ('Issa', NULL, 'Kaboré', '12', '2001-05-12', 'Defender', NULL, NULL, '12'), ('Teden', NULL, 'Mengi', '15', '2002-04-30', 'Defender', NULL, NULL, '12'), ('Luke', NULL, 'Berry', '8', '1992-07-12', 'Midfielder', NULL, NULL, '12'), ('Pelly', NULL, 'Ruddock Mpanzu', '17', '1994-03-22', 'Midfielder', NULL, NULL, '12'), ('Jordan', NULL, 'Clark', '18', '1993-09-22', 'Midfielder', NULL, NULL, '12'), ('Zack', NULL, 'Nelson', '43', '2005-04-21', 'Midfielder', NULL, NULL, '12'), ('Alfie', NULL, 'Doughty', '45', '1999-12-21', 'Midfielder', NULL, NULL, '12'), ('Jayden', NULL, 'Luker', '47', '2005-04-30', 'Midfielder', NULL, NULL, '12'), ('Tahith', NULL, 'Chong', '14', '1999-12-04', 'Midfielder', NULL, NULL, '12'), ('Marvelous', NULL, 'Nakamba', '13', '1994-01-19', 'Midfielder', NULL, NULL, '12'), ('Ryan', NULL, 'Giles', '26', '2000-01-26', 'Midfielder', NULL, NULL, '12'), ('Ross', NULL, 'Barkley', '6', '1993-12-05', 'Midfielder', NULL, NULL, '12'), ('Albert', NULL, 'Sambi Lokonga', '28', '1999-10-22', 'Midfielder', NULL, NULL, '12'), ('Jake', NULL, 'Burger', '46', '2004-10-06', 'Midfielder', NULL, NULL, '12'), ('Andros', NULL, 'Townsend', '30', '1991-07-16', 'Midfielder', NULL, NULL, '12'), ('Carlton', NULL, 'Morris', '9', '1995-12-16', 'Forward', NULL, NULL, '12'), ('Cauley', NULL, 'Woodrow', '10', '1994-12-02', 'Forward', NULL, NULL, '12'), ('Elijah', NULL, 'Adebayo', '11', '1998-01-07', 'Forward', NULL, NULL, '12'), ('Chiedozie', NULL, 'Ogbene', '7', '1997-05-01', 'Forward', NULL, NULL, '12'), ('Jacob', NULL, 'Brown', '19', '1998-04-10', 'Forward', NULL, NULL, '12');
ERROR 1062 (23000): Duplicate entry '1' for key 'player.PRIMARY'
mysql> INSERT INTO `player` (`firstName`, `middleName`, `lastName`, `shirtNo`, `birthDate`, `position`, `isBanned`, `isInjured`, `teamID`) VALUES ('Stefan', NULL, 'Ortega', '18', '1992-11-06', 'Goalkeeper', NULL, NULL, '13'), ('', NULL, 'Ederson', '31', '1993-08-17', 'Goalkeeper', NULL, NULL, '13'), ('Scott', NULL, 'Carson', '33', '1985-09-03', 'Goalkeeper', NULL, NULL, '13'), ('Zack', NULL, 'Steffen', '13', '1995-04-02', 'Goalkeeper', NULL, NULL, '13'), ('Kyle', NULL, 'Walker', '2', '1990-05-28', 'Defender', NULL, NULL, '13'), ('Rúben', NULL, 'Dias', '3', '1997-05-14', 'Defender', NULL, NULL, '13'), ('John', NULL, 'Stones', '5', '1994-05-28', 'Defender', NULL, NULL, '13'), ('Nathan', NULL, 'Aké', '6', '1995-02-18', 'Defender', NULL, NULL, '13'), ('Manuel', NULL, 'Akanji', '25', '1995-07-19', 'Defender', NULL, NULL, '13'), ('Rico', NULL, 'Lewis', '82', '2004-11-21', 'Defender', NULL, NULL, '13'), ('Josko', NULL, 'Gvardiol', '24', '2002-01-23', 'Defender', NULL, NULL, '13'), ('Kalvin', NULL, 'Phillips', '4', '1995-12-02', 'Midfielder', NULL, NULL, '13'), ('Jack', NULL, 'Grealish', '10', '1995-09-10', 'Midfielder', NULL, NULL, '13'), ('', NULL, 'Rodri', '16', '1996-06-22', 'Midfielder', NULL, NULL, '13'), ('Kevin', NULL, 'De Bruyne', '17', '1991-06-28', 'Midfielder', NULL, NULL, '13'), ('Bernardo', NULL, 'Silva', '20', '1994-08-10', 'Midfielder', NULL, NULL, '13'), ('Sergio', NULL, 'Gómez', '21', '2000-09-04', 'Midfielder', NULL, NULL, '13'), ('Phil', NULL, 'Foden', '47', '2000-05-28', 'Midfielder', NULL, NULL, '13'), ('Alex', NULL, 'Robertson', '93', '2003-04-17', 'Midfielder', NULL, NULL, '13'), ('Mateo', NULL, 'Kovacic', '8', '1994-05-06', 'Midfielder', NULL, NULL, '13'), ('Oscar', NULL, 'Bobb', '52', '2003-07-12', 'Midfielder', NULL, NULL, '13'), ('Matheus', NULL, 'Nunes', '27', '1998-08-27', 'Midfielder', NULL, NULL, '13'), ('Micah', NULL, 'Hamilton', '92', '2003-11-13', 'Midfielder', NULL, NULL, '13'), ('Erling', NULL, 'Haaland', '9', '2000-07-21', 'Forward', NULL, NULL, '13'), ('Julián', NULL, 'Álvarez', '19', '2000-01-31', 'Forward', NULL, NULL, '13'), ('Jérémy', NULL, 'Doku', '11', '2002-05-27', 'Forward', NULL, NULL, '13');
ERROR 1062 (23000): Duplicate entry '18' for key 'player.PRIMARY'
mysql> INSERT INTO `player` (`firstName`, `middleName`, `lastName`, `shirtNo`, `birthDate`, `position`, `isBanned`, `isInjured`, `teamID`) VALUES ('Tom', NULL, 'Heaton', '22', '1986-04-15', 'Goalkeeper', NULL, NULL, '14'), ('Radek', NULL, 'Vítek', '40', '2003-10-24', 'Goalkeeper', NULL, NULL, '14'), ('André', NULL, 'Onana', '24', '1996-04-02', 'Goalkeeper', NULL, NULL, '14'), ('Altay', NULL, 'Bayindir', '1', '1998-04-14', 'Goalkeeper', NULL, NULL, '14'), ('Victor', NULL, 'Lindelöf', '2', '1994-07-17', 'Defender', NULL, NULL, '14'), ('Harry', NULL, 'Maguire', '5', '1993-03-05', 'Defender', NULL, NULL, '14'), ('Lisandro', NULL, 'Martínez', '6', '1998-01-18', 'Defender', NULL, NULL, '14'), ('Tyrell', NULL, 'Malacia', '12', '1999-08-17', 'Defender', NULL, NULL, '14'), ('Raphaël', NULL, 'Varane', '19', '1993-04-25', 'Defender', NULL, NULL, '14'), ('Diogo', NULL, 'Dalot', '20', '1999-03-18', 'Defender', NULL, NULL, '14'), ('Luke', NULL, 'Shaw', '23', '1995-07-12', 'Defender', NULL, NULL, '14'), ('Aaron', NULL, 'Wan-Bissaka', '29', '1997-11-26', 'Defender', NULL, NULL, '14'), ('Jonny', NULL, 'Evans', '35', '1988-01-03', 'Defender', NULL, NULL, '14'), ('Sergio', NULL, 'Reguilón', '15', '1996-12-16', 'Defender', NULL, NULL, '14'), ('Bruno', NULL, 'Fernandes', '8', '1994-09-08', 'Midfielder', NULL, NULL, '14'), ('Christian', NULL, 'Eriksen', '14', '1992-02-14', 'Midfielder', NULL, NULL, '14'), ('', NULL, 'Casemiro', '18', '1992-02-23', 'Midfielder', NULL, NULL, '14'), ('Facundo', NULL, 'Pellistri', '28', '2001-12-20', 'Midfielder', NULL, NULL, '14'), ('Donny', NULL, 'van de Beek', '34', '1997-04-18', 'Midfielder', NULL, NULL, '14'), ('Scott', NULL, 'McTominay', '39', '1996-12-08', 'Midfielder', NULL, NULL, '14'), ('Zidane', NULL, 'Iqbal', '55', '2003-04-27', 'Midfielder', NULL, NULL, '14'), ('Kobbie', NULL, 'Mainoo', '37', '2005-04-19', 'Midfielder', NULL, NULL, '14'), ('Hannibal', NULL, 'Mejbri', '46', '2003-01-21', 'Midfielder', NULL, NULL, '14'), ('Mason', NULL, 'Mount', '7', '1999-01-10', 'Midfielder', NULL, NULL, '14'), ('Omari', NULL, 'Forson', '62', '2004-07-20', 'Midfielder', NULL, NULL, '14'), ('Daniel', NULL, 'Gore', '44', '2004-09-26', 'Midfielder', NULL, NULL, '14'), ('Sofyan', NULL, 'Amrabat', '4', '1996-08-21', 'Midfielder', NULL, NULL, '14'), ('Anthony', NULL, 'Martial', '9', '1995-12-05', 'Forward', NULL, NULL, '14'), ('Marcus', NULL, 'Rashford', '10', '1997-10-31', 'Forward', NULL, NULL, '14'), ('', NULL, 'Antony', '21', '2000-02-24', 'Forward', NULL, NULL, '14'), ('Jadon', NULL, 'Sancho', '25', '2000-03-25', 'Forward', NULL, NULL, '14'), ('Alejandro', NULL, 'Garnacho', '17', '2004-07-01', 'Forward', NULL, NULL, '14'), ('Amad', NULL, 'Diallo', '16', '2002-07-11', 'Forward', NULL, NULL, '14'), ('Shola', NULL, 'Shoretire', '47', '2004-02-02', 'Forward', NULL, NULL, '14'), ('Rasmus', NULL, 'Højlund', '11', '2003-02-04', 'Forward', NULL, NULL, '14');
ERROR 1062 (23000): Duplicate entry '22' for key 'player.PRIMARY'
mysql> INSERT INTO `player` (`firstName`, `middleName`, `lastName`, `shirtNo`, `birthDate`, `position`, `isBanned`, `isInjured`, `teamID`) VALUES ('Martin', NULL, 'Dúbravka', '1', '1989-01-15', 'Goalkeeper', NULL, NULL, '15'), ('Loris', NULL, 'Karius', '18', '1993-06-22', 'Goalkeeper', NULL, NULL, '15'), ('Nick', NULL, 'Pope', '22', '1992-04-19', 'Goalkeeper', NULL, NULL, '15'), ('Mark', NULL, 'Gillespie', '29', '1992-03-27', 'Goalkeeper', NULL, NULL, '15'), ('Kieran', NULL, 'Trippier', '2', '1990-09-19', 'Defender', NULL, NULL, '15'), ('Paul', NULL, 'Dummett', '3', '1991-09-26', 'Defender', NULL, NULL, '15'), ('Sven', NULL, 'Botman', '4', '2000-01-12', 'Defender', NULL, NULL, '15'), ('Fabian', NULL, 'Schär', '5', '1991-12-20', 'Defender', NULL, NULL, '15'), ('Jamaal', NULL, 'Lascelles', '6', '1993-11-11', 'Defender', NULL, NULL, '15'), ('Matt', NULL, 'Targett', '13', '1995-09-18', 'Defender', NULL, NULL, '15'), ('Emil', NULL, 'Krafth', '17', '1994-08-02', 'Defender', NULL, NULL, '15'), ('Javier', NULL, 'Manquillo', '19', '1994-05-05', 'Defender', NULL, NULL, '15'), ('Dan', NULL, 'Burn', '33', '1992-05-09', 'Defender', NULL, NULL, '15'), ('Alex', NULL, 'Murphy', '54', '2004-06-25', 'Defender', NULL, NULL, '15'), ('Tino', NULL, 'Livramento', '21', '2002-11-12', 'Defender', NULL, NULL, '15'), ('Lewis', NULL, 'Hall', '20', '2004-09-08', 'Defender', NULL, NULL, '15'), ('Matt', NULL, 'Ritchie', '11', '1989-09-10', 'Midfielder', NULL, NULL, '15'), ('Jacob', NULL, 'Murphy', '23', '1995-02-24', 'Midfielder', NULL, NULL, '15'), ('Miguel', NULL, 'Almirón', '24', '1994-02-10', 'Midfielder', NULL, NULL, '15'), ('Joe', NULL, 'Willock', '28', '1999-08-20', 'Midfielder', NULL, NULL, '15'), ('Sean', NULL, 'Longstaff', '36', '1997-10-30', 'Midfielder', NULL, NULL, '15'), ('Bruno', NULL, 'Guimarães', '39', '1997-11-16', 'Midfielder', NULL, NULL, '15'), ('Sandro', NULL, 'Tonali', '8', '2000-05-08', 'Midfielder', NULL, NULL, '15'), ('Harvey', NULL, 'Barnes', '15', '1997-12-09', 'Midfielder', NULL, NULL, '15'), ('Lucas', NULL, 'De Bolle', '34', '2002-10-22', 'Midfielder', NULL, NULL, '15'), ('Elliot', NULL, 'Anderson', '32', '2002-11-06', 'Midfielder', NULL, NULL, '15'), ('Lewis', NULL, 'Miley', '67', '2006-05-01', 'Midfielder', NULL, NULL, '15'), ('', NULL, 'Joelinton', '7', '1996-08-14', 'Forward', NULL, NULL, '15'), ('Anthony', NULL, 'Gordon', '10', '2001-02-24', 'Forward', NULL, NULL, '15'), ('Callum', NULL, 'Wilson', '9', '1992-02-27', 'Forward', NULL, NULL, '15'), ('Alexander', NULL, 'Isak', '14', '1999-09-21', 'Forward', NULL, NULL, '15'), ('Ben', NULL, 'Parkinson', '63', '2005-03-10', 'Forward', NULL, NULL, '15'), ('Amadou', NULL, 'Diallo', '49', '2003-02-15', 'Forward', NULL, NULL, '15');
ERROR 1062 (23000): Duplicate entry '1' for key 'player.PRIMARY'
mysql> INSERT INTO `player` (`firstName`, `middleName`, `lastName`, `shirtNo`, `birthDate`, `position`, `isBanned`, `isInjured`, `teamID`) VALUES ('Wayne', NULL, 'Hennessey', '13', '1987-01-24', 'Goalkeeper', NULL, NULL, '16'), ('Ethan', NULL, 'Horvath', '34', '1995-06-09', 'Goalkeeper', NULL, NULL, '16'), ('George', NULL, 'Shelvey', '38', '2001-04-22', 'Goalkeeper', NULL, NULL, '16'), ('Matt', NULL, 'Turner', '1', '1994-06-24', 'Goalkeeper', NULL, NULL, '16'), ('Odysseas', NULL, 'Vlachodimos', '23', '1994-04-26', 'Goalkeeper', NULL, NULL, '16'), ('Joe', NULL, 'Worrall', '4', '1997-01-10', 'Defender', NULL, NULL, '16'), ('Neco', NULL, 'Williams', '7', '2001-04-13', 'Defender', NULL, NULL, '16'), ('Harry', NULL, 'Toffolo', '15', '1995-08-19', 'Defender', NULL, NULL, '16'), ('Moussa', NULL, 'Niakhaté', '19', '1996-03-08', 'Defender', NULL, NULL, '16'), ('Sèrge', NULL, 'Aurier', '24', '1992-12-24', 'Defender', NULL, NULL, '16'), ('Scott', NULL, 'McKenna', '26', '1996-11-12', 'Defender', NULL, NULL, '16'), ('Willy-Arnaud', NULL, 'Boly', '30', '1991-02-03', 'Defender', NULL, NULL, '16'), ('', NULL, 'Felipe', '18', '1989-05-16', 'Defender', NULL, NULL, '16'), ('Ola', NULL, 'Aina', '43', '1996-10-08', 'Defender', NULL, NULL, '16'), ('Gonzalo', NULL, 'Montiel', '29', '1997-01-01', 'Defender', NULL, NULL, '16'), ('', NULL, 'Murillo', '40', '2002-07-04', 'Defender', NULL, NULL, '16'), ('Nuno', NULL, 'Tavares', '3', '2000-01-26', 'Defender', NULL, NULL, '16'), ('Andrew', NULL, 'Omobamidele', '32', '2002-06-23', 'Defender', NULL, NULL, '16'), ('Orel', NULL, 'Mangala', '5', '1998-03-18', 'Midfielder', NULL, NULL, '16'), ('Morgan', NULL, 'Gibbs-White', '10', '2000-01-27', 'Midfielder', NULL, NULL, '16'), ('Cheikhou', NULL, 'Kouyaté', '8', '1989-12-21', 'Midfielder', NULL, NULL, '16'), ('Ryan', NULL, 'Yates', '22', '1997-11-21', 'Midfielder', NULL, NULL, '16'), ('', NULL, 'Danilo', '28', '2001-04-29', 'Midfielder', NULL, NULL, '16'), ('Andrey', NULL, 'Santos', '12', '2004-05-03', 'Midfielder', NULL, NULL, '16'), ('Brandon', NULL, 'Aguilera', '41', '2003-06-28', 'Midfielder', NULL, NULL, '16'), ('Ibrahim', NULL, 'Sangaré', '6', '1997-12-02', 'Midfielder', NULL, NULL, '16'), ('Nicolás', NULL, 'Domínguez', '16', '1998-06-28', 'Midfielder', NULL, NULL, '16'), ('Taiwo', NULL, 'Awoniyi', '9', '1997-08-12', 'Forward', NULL, NULL, '16'), ('Chris', NULL, 'Wood', '11', '1991-12-07', 'Forward', NULL, NULL, '16'), ('Anthony', NULL, 'Elanga', '21', '2002-04-27', 'Forward', NULL, NULL, '16'), ('Divock', NULL, 'Origi', '27', '1995-04-18', 'Forward', NULL, NULL, '16'), ('Callum', NULL, 'Hudson-Odoi', '14', '2000-11-07', 'Forward', NULL, NULL, '16');
ERROR 1062 (23000): Duplicate entry '13' for key 'player.PRIMARY'
mysql> INSERT INTO `player` (`firstName`, `middleName`, `lastName`, `shirtNo`, `birthDate`, `position`, `isBanned`, `isInjured`, `teamID`) VALUES ('Adam', NULL, 'Davies', '1', '1992-07-17', 'Goalkeeper', NULL, NULL, '17'), ('Wes', NULL, 'Foderingham', '18', '1991-01-14', 'Goalkeeper', NULL, NULL, '17'), ('Jordan', NULL, 'Amissah', '37', '2001-08-02', 'Goalkeeper', NULL, NULL, '17'), ('George', NULL, 'Baldock', '2', '1993-03-09', 'Defender', NULL, NULL, '17'), ('Chris', NULL, 'Basham', '6', '1988-07-20', 'Defender', NULL, NULL, '17'), ('John', NULL, 'Egan', '12', '1992-10-20', 'Defender', NULL, NULL, '17'), ('Max', NULL, 'Lowe', '3', '1997-05-11', 'Defender', NULL, NULL, '17'), ('Anel', NULL, 'Ahmedhodzic', '15', '1999-03-26', 'Defender', NULL, NULL, '17'), ('Jack', NULL, 'Robinson', '19', '1993-09-01', 'Defender', NULL, NULL, '17'), ('Jayden', NULL, 'Bogle', '20', '2000-07-27', 'Defender', NULL, NULL, '17'), ('Rhys', NULL, 'Norrington-Davies', '33', '1999-04-22', 'Defender', NULL, NULL, '17'), ('Jili', NULL, 'Buyabu', '40', '2003-08-09', 'Defender', NULL, NULL, '17'), ('Yasser', NULL, 'Larouci', '27', '2001-01-01', 'Defender', NULL, NULL, '17'), ('Auston', NULL, 'Trusty', '5', '1998-08-12', 'Defender', NULL, NULL, '17'), ('Luke', NULL, 'Thomas', '14', '2001-06-10', 'Defender', NULL, NULL, '17'), ('Femi', NULL, 'Seriki', '38', '2002-04-28', 'Defender', NULL, NULL, '17'), ('John', NULL, 'Fleck', '4', '1991-08-24', 'Midfielder', NULL, NULL, '17'), ('Oliver', NULL, 'Norwood', '16', '1991-04-12', 'Midfielder', NULL, NULL, '17'), ('Ismaila', NULL, 'Coulibaly', '17', '2000-12-25', 'Midfielder', NULL, NULL, '17'), ('Ben', NULL, 'Osborn', '23', '1994-08-05', 'Midfielder', NULL, NULL, '17'), ('Andre', NULL, 'Brooks', '35', '2003-08-20', 'Midfielder', NULL, NULL, '17'), ('Anis', NULL, 'Ben Slimane', '25', '2001-03-16', 'Midfielder', NULL, NULL, '17'), ('Vinicius', NULL, 'Souza', '21', '1999-06-17', 'Midfielder', NULL, NULL, '17'), ('Gustavo', NULL, 'Hamer', '8', '1997-06-24', 'Midfielder', NULL, NULL, '17'), ('Tom', NULL, 'Davies', '22', '1998-06-30', 'Midfielder', NULL, NULL, '17'), ('James', NULL, 'McAtee', '28', '2002-10-18', 'Midfielder', NULL, NULL, '17'), ('Ryan', NULL, 'Oné', '26', '2006-06-26', 'Midfielder', NULL, NULL, '17'), ('Rhian', NULL, 'Brewster', '7', '2000-04-01', 'Forward', NULL, NULL, '17'), ('Oliver', NULL, 'McBurnie', '9', '1996-06-04', 'Forward', NULL, NULL, '17'), ('William', NULL, 'Osula', '32', '2003-08-04', 'Forward', NULL, NULL, '17'), ('Daniel', NULL, 'Jebbison', '36', '2003-07-11', 'Forward', NULL, NULL, '17'), ('Bénie', NULL, 'Traoré', '11', '2002-11-30', 'Forward', NULL, NULL, '17'), ('Cameron', NULL, 'Archer', '10', '2001-12-09', 'Forward', NULL, NULL, '17');
ERROR 1062 (23000): Duplicate entry '1' for key 'player.PRIMARY'
mysql> INSERT INTO `player` (`firstName`, `middleName`, `lastName`, `shirtNo`, `birthDate`, `position`, `isBanned`, `isInjured`, `teamID`) VALUES ('Hugo', NULL, 'Lloris', '1', '1986-12-26', 'Goalkeeper', NULL, NULL, '18'), ('Fraser', NULL, 'Forster', '20', '1988-03-17', 'Goalkeeper', NULL, NULL, '18'), ('Brandon', NULL, 'Austin', '40', '1999-01-08', 'Goalkeeper', NULL, NULL, '18'), ('Alfie', NULL, 'Whiteman', '41', '1998-10-02', 'Goalkeeper', NULL, NULL, '18'), ('Guglielmo', NULL, 'Vicario', '13', '1996-10-07', 'Goalkeeper', NULL, NULL, '18'), ('Charlie', NULL, 'Sayers', '3', '2004-03-29', 'Defender', NULL, NULL, '18'), ('Emerson', NULL, 'Royal', '12', '1999-01-14', 'Defender', NULL, NULL, '18'), ('Eric', NULL, 'Dier', '15', '1994-01-15', 'Defender', NULL, NULL, '18'), ('Cristian', NULL, 'Romero', '17', '1998-04-27', 'Defender', NULL, NULL, '18'), ('Pedro', NULL, 'Porro', '23', '1999-09-13', 'Defender', NULL, NULL, '18'), ('Ben', NULL, 'Davies', '33', '1993-04-24', 'Defender', NULL, NULL, '18'), ('Maksim', NULL, 'Paskotsi', '48', '2003-01-19', 'Defender', NULL, NULL, '18'), ('Kallum', NULL, 'Cesay', '50', '2002-09-04', 'Defender', NULL, NULL, '18'), ('Marqes', NULL, 'Muir', '62', '2002-09-21', 'Defender', NULL, NULL, '18'), ('Alfie', NULL, 'Dorrington', '65', '2005-04-20', 'Defender', NULL, NULL, '18'), ('Pedro', NULL, 'Porro', '23', '1999-09-13', 'Defender', NULL, NULL, '18'), ('Destiny', NULL, 'Udogie', '38', '2002-11-28', 'Defender', NULL, NULL, '18'), ('Ashley', NULL, 'Phillips', '35', '2005-06-26', 'Defender', NULL, NULL, '18'), ('Micky', NULL, 'van de Ven', '37', '2001-04-19', 'Defender', NULL, NULL, '18'), ('Oliver', NULL, 'Skipp', '4', '2000-09-16', 'Midfielder', NULL, NULL, '18'), ('Pierre-Emile', NULL, 'Højbjerg', '5', '1995-08-05', 'Midfielder', NULL, NULL, '18'), ('Ivan', NULL, 'Perisic', '14', '1989-02-02', 'Midfielder', NULL, NULL, '18'), ('Ryan', NULL, 'Sessegnon', '19', '2000-05-18', 'Midfielder', NULL, NULL, '18'), ('Dejan', NULL, 'Kulusevski', '21', '2000-04-25', 'Midfielder', NULL, NULL, '18'), ('Pape', NULL, 'Matar Sarr', '29', '2002-09-14', 'Midfielder', NULL, NULL, '18'), ('Rodrigo', NULL, 'Bentancur', '30', '1997-06-25', 'Midfielder', NULL, NULL, '18'), ('Yves', NULL, 'Bissouma', '8', '1996-08-30', 'Midfielder', NULL, NULL, '18'), ('Nile', NULL, 'John', '43', '2003-03-06', 'Midfielder', NULL, NULL, '18'), ('Matthew', NULL, 'Craig', '51', '2003-04-16', 'Midfielder', NULL, NULL, '18'), ('Romaine', NULL, 'Mundle', '55', '2003-04-24', 'Midfielder', NULL, NULL, '18'), ('Max', NULL, 'Robson', '57', '2002-10-17', 'Midfielder', NULL, NULL, '18'), ('George', NULL, 'Abbott', '77', '2005-08-17', 'Midfielder', NULL, NULL, '18'), ('Dejan', NULL, 'Kulusevski', '21', '2000-04-25', 'Midfielder', NULL, NULL, '18'), ('James', NULL, 'Maddison', '10', '1996-11-23', 'Midfielder', NULL, NULL, '18'), ('Giovani', NULL, 'Lo Celso', '18', '1996-04-09', 'Midfielder', NULL, NULL, '18'), ('Son', NULL, 'Heung-Min', '7', '1992-07-08', 'Forward', NULL, NULL, '18'), ('', NULL, 'Richarlison', '9', '1997-05-10', 'Forward', NULL, NULL, '18'), ('Lucas', NULL, 'Moura', '27', '1992-08-13', 'Forward', NULL, NULL, '18'), ('Will', NULL, 'Lankshear', '62', '2005-04-20', 'Forward', NULL, NULL, '18'), ('Jamie', NULL, 'Donley', '63', '2005-01-03', 'Forward', NULL, NULL, '18'), ('Bryan', NULL, 'Gil', '11', '2001-02-11', 'Forward', NULL, NULL, '18'), ('Troy', NULL, 'Parrott', '52', '2002-02-04', 'Forward', NULL, NULL, '18'), ('Manor', NULL, 'Solomon', '27', '1999-07-24', 'Forward', NULL, NULL, '18'), ('Alejo', NULL, 'Véliz', '36', '2003-09-19', 'Forward', NULL, NULL, '18'), ('Brennan', NULL, 'Johnson', '22', '2001-05-23', 'Forward', NULL, NULL, '18');
ERROR 1062 (23000): Duplicate entry '1' for key 'player.PRIMARY'
mysql> INSERT INTO `player` (`firstName`, `middleName`, `lastName`, `shirtNo`, `birthDate`, `position`, `isBanned`, `isInjured`, `teamID`) VALUES ('Lukasz', NULL, 'Fabianski', '1', '1985-04-18', 'Goalkeeper', NULL, NULL, '19'), ('Alphonse', NULL, 'Areola', '23', '1993-02-27', 'Goalkeeper', NULL, NULL, '19'), ('Joseph', NULL, 'Anang', '49', '', 'Goalkeeper', NULL, NULL, '19'), ('Ben', NULL, 'Johnson', '2', '', 'Defender', NULL, NULL, '19'), ('Aaron', NULL, 'Cresswell', '3', '1989-12-15', 'Defender', NULL, NULL, '19'), ('Kurt', NULL, 'Zouma', '4', '', 'Defender', NULL, NULL, '19'), ('Vladimír', NULL, 'Coufal', '5', '', 'Defender', NULL, NULL, '19'), ('Angelo', NULL, 'Ogbonna', '21', '1988-05-23', 'Defender', NULL, NULL, '19'), ('Thilo', NULL, 'Kehrer', '24', '1996-09-21', 'Defender', NULL, NULL, '19'), ('Nayef', NULL, 'Aguerd', '27', '1996-03-30', 'Defender', NULL, NULL, '19'), ('', NULL, 'Emerson', '33', '1994-08-03', 'Defender', NULL, NULL, '19'), ('Kaelan', NULL, 'Casey', '42', '2004-10-28', 'Defender', NULL, NULL, '19'), ('Konstantinos', NULL, 'Mavropanos', '15', '1997-12-11', 'Defender', NULL, NULL, '19'), ('Pablo', NULL, 'Fornals', '8', '1996-02-22', 'Midfielder', NULL, NULL, '19'), ('Lucas', NULL, 'Paquetá', '10', '1997-08-27', 'Midfielder', NULL, NULL, '19'), ('Tomás', NULL, 'Soucek', '28', '1995-02-27', 'Midfielder', NULL, NULL, '19'), ('Conor', NULL, 'Coventry', '54', '2000-03-25', 'Midfielder', NULL, NULL, '19'), ('Dan', NULL, 'Chesters', '51', '2002-04-04', 'Midfielder', NULL, NULL, '19'), ('Edson', NULL, 'Álvarez', '19', '1997-10-24', 'Midfielder', NULL, NULL, '19'), ('James', NULL, 'Ward-Prowse', '7', '1994-11-01', 'Midfielder', NULL, NULL, '19'), ('Mohammed', NULL, 'Kudus', '14', '2000-08-02', 'Midfielder', NULL, NULL, '19'), ('Michail', NULL, 'Antonio', '9', '1990-03-28', 'Forward', NULL, NULL, '19'), ('Maxwel', NULL, 'Cornet', '17', '1996-09-27', 'Forward', NULL, NULL, '19'), ('Danny', NULL, 'Ings', '18', '1992-07-23', 'Forward', NULL, NULL, '19'), ('Jarrod', NULL, 'Bowen', '20', '1996-12-20', 'Forward', NULL, NULL, '19'), ('Saïd', NULL, 'Benrahma', '22', '1995-08-10', 'Forward', NULL, NULL, '19'), ('Divin', NULL, 'Mubama', '45', '2004-10-25', 'Forward', NULL, NULL, '19'), ('Callum', NULL, 'Marshall', '50', '2004-11-28', 'Forward', NULL, NULL, '19');
ERROR 1062 (23000): Duplicate entry '1' for key 'player.PRIMARY'
mysql> INSERT INTO `player` (`firstName`, `middleName`, `lastName`, `shirtNo`, `birthDate`, `position`, `isBanned`, `isInjured`, `teamID`) VALUES ('José', NULL, 'Sá', '1', '1993-01-17', 'Goalkeeper', NULL, NULL, '20'), ('Louie', NULL, 'Moulden', '13', '2002-01-06', 'Goalkeeper', NULL, NULL, '20'), ('Dan', NULL, 'Bentley', '25', '1993-07-13', 'Goalkeeper', NULL, NULL, '20'), ('Tom', NULL, 'King', '40', '1995-03-09', 'Goalkeeper', NULL, NULL, '20'), ('Rayan', NULL, 'Aït-Nouri', '3', '2001-06-06', 'Defender', NULL, NULL, '20'), ('Craig', NULL, 'Dawson', '15', '1990-05-06', 'Defender', NULL, NULL, '20'), ('Jonny', NULL, 'Otto', '19', '1994-03-03', 'Defender', NULL, NULL, '20'), ('Nélson', NULL, 'Semedo', '22', '1993-11-16', 'Defender', NULL, NULL, '20'), ('Maximilian', NULL, 'Kilman', '23', '1997-05-23', 'Defender', NULL, NULL, '20'), ('Toti', NULL, 'Gomes', '24', '1999-01-16', 'Defender', NULL, NULL, '20'), ('Hugo', NULL, 'Bueno', '17', '2002-09-18', 'Defender', NULL, NULL, '20'), ('Dexter', NULL, 'Lembikisa', '81', '', 'Defender', NULL, NULL, '20'), ('Matt', NULL, 'Doherty', '2', '1992-01-16', 'Defender', NULL, NULL, '20'), ('Santiago', NULL, 'Bueno', '4', '1998-11-09', 'Defender', NULL, NULL, '20'), ('Mario', NULL, 'Lemina', '5', '1993-09-01', 'Midfielder', NULL, NULL, '20'), ('Boubacar', NULL, 'Traoré', '6', '2001-08-20', 'Midfielder', NULL, NULL, '20'), ('Rúben', NULL, 'Neves', '8', '1997-03-13', 'Midfielder', NULL, NULL, '20'), ('Pablo', NULL, 'Sarabia', '21', '1992-05-11', 'Midfielder', NULL, NULL, '20'), ('João', NULL, 'Gomes', '8', '2001-02-12', 'Midfielder', NULL, NULL, '20'), ('Joe', NULL, 'Hodge', '32', '2002-09-14', 'Midfielder', NULL, NULL, '20'), ('Boubacar', NULL, 'Traoré', '6', '2001-08-20', 'Midfielder', NULL, NULL, '20'), ('Tommy', NULL, 'Doyle', '20', '2001-10-17', 'Midfielder', NULL, NULL, '20'), ('Jean-Ricner', NULL, 'Bellegarde', '27', '1998-06-27', 'Midfielder', NULL, NULL, '20'), ('Pedro', NULL, 'Neto', '7', '2000-03-09', 'Forward', NULL, NULL, '20'), ('Hwang', NULL, 'Hee-Chan', '11', '', 'Forward', NULL, NULL, '20'), ('Matheus', NULL, 'Cunha', '12', '1999-05-27', 'Forward', NULL, NULL, '20'), ('Sasa', NULL, 'Kalajdzic', '18', '1997-07-07', 'Forward', NULL, NULL, '20'), ('Diego', NULL, 'Costa', '29', '1988-10-07', 'Forward', NULL, NULL, '20'), ('Nathan', NULL, 'Fraser', '63', '2005-02-22', 'Forward', NULL, NULL, '20'), ('Fábio', NULL, 'Silva', '9', '2002-07-19', 'Forward', NULL, NULL, '20'), ('Matheus', NULL, 'Cunha', '12', '1999-05-27', 'Forward', NULL, NULL, '20'), ('Emilio', NULL, 'Ballard-Matthews', '78', '2007-11-30', 'Forward', NULL, NULL, '20'), ('Enso', NULL, 'González', '30', '2005-01-20', 'Forward', NULL, NULL, '20');
ERROR 1062 (23000): Duplicate entry '1' for key 'player.PRIMARY'
mysql> show tables;
+--------------------+
| Tables_in_leetcode |
+--------------------+
| player             |
+--------------------+
1 row in set (0.01 sec)

mysql> seect * from player;
ERROR 1064 (42000): You have an error in your SQL syntax; check the manual that corresponds to your MySQL server version for the right syntax to use near 'seect * from player' at line 1
mysql> select * from player;
+-----------+------------+------------+---------+------------+------------+----------+-----------+--------+
| firstName | middleName | lastName   | shirtNo | birthDate  | position   | isBanned | isInjured | teamID |
+-----------+------------+------------+---------+------------+------------+----------+-----------+--------+
|           | NULL       | Neto       |       1 | 1989-07-19 | Goalkeeper |     NULL |      NULL |      3 |
| Ryan      | NULL       | Fredericks |       2 | 1992-10-10 | Defender   |     NULL |      NULL |      3 |
| Milos     | NULL       | Kerkez     |       3 | 2003-11-07 | Defender   |     NULL |      NULL |      3 |
| Lewis     | NULL       | Cook       |       4 | 1997-02-03 | Midfielder |     NULL |      NULL |      3 |
| Lloyd     | NULL       | Kelly      |       5 | 1998-10-06 | Defender   |     NULL |      NULL |      3 |
| Chris     | NULL       | Mepham     |       6 | 1997-11-05 | Defender   |     NULL |      NULL |      3 |
| David     | NULL       | Brooks     |       7 | 1997-07-08 | Midfielder |     NULL |      NULL |      3 |
| Joe       | NULL       | Rothwell   |       8 | 1995-01-11 | Midfielder |     NULL |      NULL |      3 |
| Dominic   | NULL       | Solanke    |       9 | 1997-09-14 | Forward    |     NULL |      NULL |      3 |
| Ryan      | NULL       | Christie   |      10 | 1995-02-22 | Midfielder |     NULL |      NULL |      3 |
| Dango     | NULL       | Ouattara   |      11 | 2002-02-11 | Forward    |     NULL |      NULL |      3 |
| Darren    | NULL       | Randolph   |      12 | 1987-05-12 | Goalkeeper |     NULL |      NULL |      3 |
| Emiliano  | NULL       | Marcondes  |      13 | 1995-03-09 | Midfielder |     NULL |      NULL |      3 |
| Alex      | NULL       | Scott      |      14 | 2003-08-21 | Midfielder |     NULL |      NULL |      3 |
| Adam      | NULL       | Smith      |      15 | 1991-04-29 | Defender   |     NULL |      NULL |      3 |
| Marcus    | NULL       | Tavernier  |      16 | 1999-03-22 | Midfielder |     NULL |      NULL |      3 |
| Luis      | NULL       | Sinisterra |      17 | 1999-06-17 | Forward    |     NULL |      NULL |      3 |
| Tyler     | NULL       | Adams      |      18 | 1999-02-14 | Midfielder |     NULL |      NULL |      3 |
| Justin    | NULL       | Kluivert   |      19 | 1999-05-05 | Forward    |     NULL |      NULL |      3 |
| Andrei    | NULL       | Radu       |      20 | 1997-05-28 | Goalkeeper |     NULL |      NULL |      3 |
| Kieffer   | NULL       | Moore      |      21 | 1992-08-08 | Forward    |     NULL |      NULL |      3 |
| Hamed     | NULL       | Traorè     |      22 | 2000-02-16 | Midfielder |     NULL |      NULL |      3 |
| Antoine   | NULL       | Semenyo    |      24 | 2000-01-07 | Forward    |     NULL |      NULL |      3 |
| Marcos    | NULL       | Senesi     |      25 | 1997-05-10 | Defender   |     NULL |      NULL |      3 |
| Gavin     | NULL       | Kilkenny   |      26 | 2000-02-01 | Midfielder |     NULL |      NULL |      3 |
| Illia     | NULL       | Zabarnyi   |      27 | 2002-09-01 | Defender   |     NULL |      NULL |      3 |
| Philip    | NULL       | Billing    |      29 | 1996-06-11 | Midfielder |     NULL |      NULL |      3 |
| Max       | NULL       | Aarons     |      37 | 2000-01-04 | Defender   |     NULL |      NULL |      3 |
| Mark      | NULL       | Travers    |      42 | 1999-05-18 | Goalkeeper |     NULL |      NULL |      3 |
| Ben       | NULL       | Greenwood  |      43 | 2003-02-20 | Defender   |     NULL |      NULL |      3 |
| Cameron   | NULL       | Plain      |      45 | 2001-09-24 | Goalkeeper |     NULL |      NULL |      3 |
+-----------+------------+------------+---------+------------+------------+----------+-----------+--------+
31 rows in set (0.00 sec)

mysql> show duplictes;
ERROR 1064 (42000): You have an error in your SQL syntax; check the manual that corresponds to your MySQL server version for the right syntax to use near 'duplictes' at line 1
mysql> alter player drop middlename;
ERROR 1064 (42000): You have an error in your SQL syntax; check the manual that corresponds to your MySQL server version for the right syntax to use near 'player drop middlename' at line 1
mysql> alter table player drop middlename;
Query OK, 0 rows affected (0.11 sec)
Records: 0  Duplicates: 0  Warnings: 0

mysql> alter table player drop isBanned;
Query OK, 0 rows affected (0.03 sec)
Records: 0  Duplicates: 0  Warnings: 0

mysql> alter table player drop isInjured;
Query OK, 0 rows affected (0.01 sec)
Records: 0  Duplicates: 0  Warnings: 0

mysql> select * from player;
+-----------+------------+---------+------------+------------+--------+
| firstName | lastName   | shirtNo | birthDate  | position   | teamID |
+-----------+------------+---------+------------+------------+--------+
|           | Neto       |       1 | 1989-07-19 | Goalkeeper |      3 |
| Ryan      | Fredericks |       2 | 1992-10-10 | Defender   |      3 |
| Milos     | Kerkez     |       3 | 2003-11-07 | Defender   |      3 |
| Lewis     | Cook       |       4 | 1997-02-03 | Midfielder |      3 |
| Lloyd     | Kelly      |       5 | 1998-10-06 | Defender   |      3 |
| Chris     | Mepham     |       6 | 1997-11-05 | Defender   |      3 |
| David     | Brooks     |       7 | 1997-07-08 | Midfielder |      3 |
| Joe       | Rothwell   |       8 | 1995-01-11 | Midfielder |      3 |
| Dominic   | Solanke    |       9 | 1997-09-14 | Forward    |      3 |
| Ryan      | Christie   |      10 | 1995-02-22 | Midfielder |      3 |
| Dango     | Ouattara   |      11 | 2002-02-11 | Forward    |      3 |
| Darren    | Randolph   |      12 | 1987-05-12 | Goalkeeper |      3 |
| Emiliano  | Marcondes  |      13 | 1995-03-09 | Midfielder |      3 |
| Alex      | Scott      |      14 | 2003-08-21 | Midfielder |      3 |
| Adam      | Smith      |      15 | 1991-04-29 | Defender   |      3 |
| Marcus    | Tavernier  |      16 | 1999-03-22 | Midfielder |      3 |
| Luis      | Sinisterra |      17 | 1999-06-17 | Forward    |      3 |
| Tyler     | Adams      |      18 | 1999-02-14 | Midfielder |      3 |
| Justin    | Kluivert   |      19 | 1999-05-05 | Forward    |      3 |
| Andrei    | Radu       |      20 | 1997-05-28 | Goalkeeper |      3 |
| Kieffer   | Moore      |      21 | 1992-08-08 | Forward    |      3 |
| Hamed     | Traorè     |      22 | 2000-02-16 | Midfielder |      3 |
| Antoine   | Semenyo    |      24 | 2000-01-07 | Forward    |      3 |
| Marcos    | Senesi     |      25 | 1997-05-10 | Defender   |      3 |
| Gavin     | Kilkenny   |      26 | 2000-02-01 | Midfielder |      3 |
| Illia     | Zabarnyi   |      27 | 2002-09-01 | Defender   |      3 |
| Philip    | Billing    |      29 | 1996-06-11 | Midfielder |      3 |
| Max       | Aarons     |      37 | 2000-01-04 | Defender   |      3 |
| Mark      | Travers    |      42 | 1999-05-18 | Goalkeeper |      3 |
| Ben       | Greenwood  |      43 | 2003-02-20 | Defender   |      3 |
| Cameron   | Plain      |      45 | 2001-09-24 | Goalkeeper |      3 |
+-----------+------------+---------+------------+------------+--------+
31 rows in set (0.02 sec)

mysql> select firstName from player where position='Forward';
+-----------+
| firstName |
+-----------+
| Dominic   |
| Dango     |
| Luis      |
| Justin    |
| Kieffer   |
| Antoine   |
+-----------+
6 rows in set (0.03 sec)

mysql> alter table player drop teamID;
Query OK, 0 rows affected (0.09 sec)
Records: 0  Duplicates: 0  Warnings: 0

mysql> select * from player;
+-----------+------------+---------+------------+------------+
| firstName | lastName   | shirtNo | birthDate  | position   |
+-----------+------------+---------+------------+------------+
|           | Neto       |       1 | 1989-07-19 | Goalkeeper |
| Ryan      | Fredericks |       2 | 1992-10-10 | Defender   |
| Milos     | Kerkez     |       3 | 2003-11-07 | Defender   |
| Lewis     | Cook       |       4 | 1997-02-03 | Midfielder |
| Lloyd     | Kelly      |       5 | 1998-10-06 | Defender   |
| Chris     | Mepham     |       6 | 1997-11-05 | Defender   |
| David     | Brooks     |       7 | 1997-07-08 | Midfielder |
| Joe       | Rothwell   |       8 | 1995-01-11 | Midfielder |
| Dominic   | Solanke    |       9 | 1997-09-14 | Forward    |
| Ryan      | Christie   |      10 | 1995-02-22 | Midfielder |
| Dango     | Ouattara   |      11 | 2002-02-11 | Forward    |
| Darren    | Randolph   |      12 | 1987-05-12 | Goalkeeper |
| Emiliano  | Marcondes  |      13 | 1995-03-09 | Midfielder |
| Alex      | Scott      |      14 | 2003-08-21 | Midfielder |
| Adam      | Smith      |      15 | 1991-04-29 | Defender   |
| Marcus    | Tavernier  |      16 | 1999-03-22 | Midfielder |
| Luis      | Sinisterra |      17 | 1999-06-17 | Forward    |
| Tyler     | Adams      |      18 | 1999-02-14 | Midfielder |
| Justin    | Kluivert   |      19 | 1999-05-05 | Forward    |
| Andrei    | Radu       |      20 | 1997-05-28 | Goalkeeper |
| Kieffer   | Moore      |      21 | 1992-08-08 | Forward    |
| Hamed     | Traorè     |      22 | 2000-02-16 | Midfielder |
| Antoine   | Semenyo    |      24 | 2000-01-07 | Forward    |
| Marcos    | Senesi     |      25 | 1997-05-10 | Defender   |
| Gavin     | Kilkenny   |      26 | 2000-02-01 | Midfielder |
| Illia     | Zabarnyi   |      27 | 2002-09-01 | Defender   |
| Philip    | Billing    |      29 | 1996-06-11 | Midfielder |
| Max       | Aarons     |      37 | 2000-01-04 | Defender   |
| Mark      | Travers    |      42 | 1999-05-18 | Goalkeeper |
| Ben       | Greenwood  |      43 | 2003-02-20 | Defender   |
| Cameron   | Plain      |      45 | 2001-09-24 | Goalkeeper |
+-----------+------------+---------+------------+------------+
31 rows in set (0.02 sec)

mysql> update firstNanme='Theo' from player where shirtNo=1;
ERROR 1064 (42000): You have an error in your SQL syntax; check the manual that corresponds to your MySQL server version for the right syntax to use near '='Theo' from player where shirtNo=1' at line 1
mysql> update player set firstname='Theo' where shirtno=1;
Query OK, 1 row affected (0.07 sec)
Rows matched: 1  Changed: 1  Warnings: 0

mysql> select * from player;
+-----------+------------+---------+------------+------------+
| firstName | lastName   | shirtNo | birthDate  | position   |
+-----------+------------+---------+------------+------------+
| Theo      | Neto       |       1 | 1989-07-19 | Goalkeeper |
| Ryan      | Fredericks |       2 | 1992-10-10 | Defender   |
| Milos     | Kerkez     |       3 | 2003-11-07 | Defender   |
| Lewis     | Cook       |       4 | 1997-02-03 | Midfielder |
| Lloyd     | Kelly      |       5 | 1998-10-06 | Defender   |
| Chris     | Mepham     |       6 | 1997-11-05 | Defender   |
| David     | Brooks     |       7 | 1997-07-08 | Midfielder |
| Joe       | Rothwell   |       8 | 1995-01-11 | Midfielder |
| Dominic   | Solanke    |       9 | 1997-09-14 | Forward    |
| Ryan      | Christie   |      10 | 1995-02-22 | Midfielder |
| Dango     | Ouattara   |      11 | 2002-02-11 | Forward    |
| Darren    | Randolph   |      12 | 1987-05-12 | Goalkeeper |
| Emiliano  | Marcondes  |      13 | 1995-03-09 | Midfielder |
| Alex      | Scott      |      14 | 2003-08-21 | Midfielder |
| Adam      | Smith      |      15 | 1991-04-29 | Defender   |
| Marcus    | Tavernier  |      16 | 1999-03-22 | Midfielder |
| Luis      | Sinisterra |      17 | 1999-06-17 | Forward    |
| Tyler     | Adams      |      18 | 1999-02-14 | Midfielder |
| Justin    | Kluivert   |      19 | 1999-05-05 | Forward    |
| Andrei    | Radu       |      20 | 1997-05-28 | Goalkeeper |
| Kieffer   | Moore      |      21 | 1992-08-08 | Forward    |
| Hamed     | Traorè     |      22 | 2000-02-16 | Midfielder |
| Antoine   | Semenyo    |      24 | 2000-01-07 | Forward    |
| Marcos    | Senesi     |      25 | 1997-05-10 | Defender   |
| Gavin     | Kilkenny   |      26 | 2000-02-01 | Midfielder |
| Illia     | Zabarnyi   |      27 | 2002-09-01 | Defender   |
| Philip    | Billing    |      29 | 1996-06-11 | Midfielder |
| Max       | Aarons     |      37 | 2000-01-04 | Defender   |
| Mark      | Travers    |      42 | 1999-05-18 | Goalkeeper |
| Ben       | Greenwood  |      43 | 2003-02-20 | Defender   |
| Cameron   | Plain      |      45 | 2001-09-24 | Goalkeeper |
+-----------+------------+---------+------------+------------+
31 rows in set (0.01 sec)

mysql> select firstname and birthdate from player order by birthdate desc;
+-------------------------+
| firstname and birthdate |
+-------------------------+
|                       0 |
|                       0 |
|                       0 |
|                       0 |
|                       0 |
|                       0 |
|                       0 |
|                       0 |
|                       0 |
|                       0 |
|                       0 |
|                       0 |
|                       0 |
|                       0 |
|                       0 |
|                       0 |
|                       0 |
|                       0 |
|                       0 |
|                       0 |
|                       0 |
|                       0 |
|                       0 |
|                       0 |
|                       0 |
|                       0 |
|                       0 |
|                       0 |
|                       0 |
|                       0 |
|                       0 |
+-------------------------+
31 rows in set, 24 warnings (0.02 sec)

mysql> select firstname, birthdate from player order by birthdate desc;
+-----------+------------+
| firstname | birthdate  |
+-----------+------------+
| Milos     | 2003-11-07 |
| Alex      | 2003-08-21 |
| Ben       | 2003-02-20 |
| Illia     | 2002-09-01 |
| Dango     | 2002-02-11 |
| Cameron   | 2001-09-24 |
| Hamed     | 2000-02-16 |
| Gavin     | 2000-02-01 |
| Antoine   | 2000-01-07 |
| Max       | 2000-01-04 |
| Luis      | 1999-06-17 |
| Mark      | 1999-05-18 |
| Justin    | 1999-05-05 |
| Marcus    | 1999-03-22 |
| Tyler     | 1999-02-14 |
| Lloyd     | 1998-10-06 |
| Chris     | 1997-11-05 |
| Dominic   | 1997-09-14 |
| David     | 1997-07-08 |
| Andrei    | 1997-05-28 |
| Marcos    | 1997-05-10 |
| Lewis     | 1997-02-03 |
| Philip    | 1996-06-11 |
| Emiliano  | 1995-03-09 |
| Ryan      | 1995-02-22 |
| Joe       | 1995-01-11 |
| Ryan      | 1992-10-10 |
| Kieffer   | 1992-08-08 |
| Adam      | 1991-04-29 |
| Theo      | 1989-07-19 |
| Darren    | 1987-05-12 |
+-----------+------------+
31 rows in set (0.00 sec)

mysql> select brithdate from player where firstname='Theo';
ERROR 1054 (42S22): Unknown column 'brithdate' in 'field list'
mysql> select birthdate from player where firstname-'Theo';
Empty set, 55 warnings (0.03 sec)

mysql> select * from player;
+-----------+------------+---------+------------+------------+
| firstName | lastName   | shirtNo | birthDate  | position   |
+-----------+------------+---------+------------+------------+
| Theo      | Neto       |       1 | 1989-07-19 | Goalkeeper |
| Ryan      | Fredericks |       2 | 1992-10-10 | Defender   |
| Milos     | Kerkez     |       3 | 2003-11-07 | Defender   |
| Lewis     | Cook       |       4 | 1997-02-03 | Midfielder |
| Lloyd     | Kelly      |       5 | 1998-10-06 | Defender   |
| Chris     | Mepham     |       6 | 1997-11-05 | Defender   |
| David     | Brooks     |       7 | 1997-07-08 | Midfielder |
| Joe       | Rothwell   |       8 | 1995-01-11 | Midfielder |
| Dominic   | Solanke    |       9 | 1997-09-14 | Forward    |
| Ryan      | Christie   |      10 | 1995-02-22 | Midfielder |
| Dango     | Ouattara   |      11 | 2002-02-11 | Forward    |
| Darren    | Randolph   |      12 | 1987-05-12 | Goalkeeper |
| Emiliano  | Marcondes  |      13 | 1995-03-09 | Midfielder |
| Alex      | Scott      |      14 | 2003-08-21 | Midfielder |
| Adam      | Smith      |      15 | 1991-04-29 | Defender   |
| Marcus    | Tavernier  |      16 | 1999-03-22 | Midfielder |
| Luis      | Sinisterra |      17 | 1999-06-17 | Forward    |
| Tyler     | Adams      |      18 | 1999-02-14 | Midfielder |
| Justin    | Kluivert   |      19 | 1999-05-05 | Forward    |
| Andrei    | Radu       |      20 | 1997-05-28 | Goalkeeper |
| Kieffer   | Moore      |      21 | 1992-08-08 | Forward    |
| Hamed     | Traorè     |      22 | 2000-02-16 | Midfielder |
| Antoine   | Semenyo    |      24 | 2000-01-07 | Forward    |
| Marcos    | Senesi     |      25 | 1997-05-10 | Defender   |
| Gavin     | Kilkenny   |      26 | 2000-02-01 | Midfielder |
| Illia     | Zabarnyi   |      27 | 2002-09-01 | Defender   |
| Philip    | Billing    |      29 | 1996-06-11 | Midfielder |
| Max       | Aarons     |      37 | 2000-01-04 | Defender   |
| Mark      | Travers    |      42 | 1999-05-18 | Goalkeeper |
| Ben       | Greenwood  |      43 | 2003-02-20 | Defender   |
| Cameron   | Plain      |      45 | 2001-09-24 | Goalkeeper |
+-----------+------------+---------+------------+------------+
31 rows in set (0.01 sec)

mysql> select birthdate from player where firstname='Theo';
+------------+
| birthdate  |
+------------+
| 1989-07-19 |
+------------+
1 row in set (0.01 sec)

mysql> select position='Goalkeeper' from player where shirtNo=12;
+-----------------------+
| position='Goalkeeper' |
+-----------------------+
|                     1 |
+-----------------------+
1 row in set (0.01 sec)

mysql> select firstname,lastname from player where position='Goalkeeper' and shirtNo=12;
+-----------+----------+
| firstname | lastname |
+-----------+----------+
| Darren    | Randolph |
+-----------+----------+
1 row in set (0.01 sec)

mysql> select count(defenders) from player where position='defender';
ERROR 1054 (42S22): Unknown column 'defenders' in 'field list'
mysql> select count(position) from player where position='defender';
+-----------------+
| count(position) |
+-----------------+
|               9 |
+-----------------+
1 row in set (0.03 sec)

mysql> select firstname from player where position='midfielder';
+-----------+
| firstname |
+-----------+
| Lewis     |
| David     |
| Joe       |
| Ryan      |
| Emiliano  |
| Alex      |
| Marcus    |
| Tyler     |
| Hamed     |
| Gavin     |
| Philip    |
+-----------+
11 rows in set (0.06 sec)

mysql> select firstname from player where birthdate>'2000-01-01';
+-----------+
| firstname |
+-----------+
| Milos     |
| Dango     |
| Alex      |
| Hamed     |
| Antoine   |
| Gavin     |
| Illia     |
| Max       |
| Ben       |
| Cameron   |
+-----------+
10 rows in set (0.05 sec)

mysql> select firstname from player order by shirtno;
+-----------+
| firstname |
+-----------+
| Theo      |
| Ryan      |
| Milos     |
| Lewis     |
| Lloyd     |
| Chris     |
| David     |
| Joe       |
| Dominic   |
| Ryan      |
| Dango     |
| Darren    |
| Emiliano  |
| Alex      |
| Adam      |
| Marcus    |
| Luis      |
| Tyler     |
| Justin    |
| Andrei    |
| Kieffer   |
| Hamed     |
| Antoine   |
| Marcos    |
| Gavin     |
| Illia     |
| Philip    |
| Max       |
| Mark      |
| Ben       |
| Cameron   |
+-----------+
31 rows in set (0.01 sec)

mysql> select firstname,shirtno from player order by shirtno;
+-----------+---------+
| firstname | shirtno |
+-----------+---------+
| Theo      |       1 |
| Ryan      |       2 |
| Milos     |       3 |
| Lewis     |       4 |
| Lloyd     |       5 |
| Chris     |       6 |
| David     |       7 |
| Joe       |       8 |
| Dominic   |       9 |
| Ryan      |      10 |
| Dango     |      11 |
| Darren    |      12 |
| Emiliano  |      13 |
| Alex      |      14 |
| Adam      |      15 |
| Marcus    |      16 |
| Luis      |      17 |
| Tyler     |      18 |
| Justin    |      19 |
| Andrei    |      20 |
| Kieffer   |      21 |
| Hamed     |      22 |
| Antoine   |      24 |
| Marcos    |      25 |
| Gavin     |      26 |
| Illia     |      27 |
| Philip    |      29 |
| Max       |      37 |
| Mark      |      42 |
| Ben       |      43 |
| Cameron   |      45 |
+-----------+---------+
31 rows in set (0.00 sec)

mysql> select firstname, birthdate, datediff(cudate(), birthdate)/365) as Age from player;
ERROR 1064 (42000): You have an error in your SQL syntax; check the manual that corresponds to your MySQL server version for the right syntax to use near ') as Age from player' at line 1
mysql> select firstname, birthdate, datediff(curdate(), birthdate)/365) as Age from player;
ERROR 1064 (42000): You have an error in your SQL syntax; check the manual that corresponds to your MySQL server version for the right syntax to use near ') as Age from player' at line 1
mysql> select firstname, birthdate, datediff(curdate(), birthdate) / 365 as Age from player;
+-----------+------------+---------+
| firstname | birthdate  | Age     |
+-----------+------------+---------+
| Theo      | 1989-07-19 | 34.5534 |
| Ryan      | 1992-10-10 | 31.3233 |
| Milos     | 2003-11-07 | 20.2411 |
| Lewis     | 1997-02-03 | 27.0027 |
| Lloyd     | 1998-10-06 | 25.3315 |
| Chris     | 1997-11-05 | 26.2493 |
| David     | 1997-07-08 | 26.5781 |
| Joe       | 1995-01-11 | 29.0685 |
| Dominic   | 1997-09-14 | 26.3918 |
| Ryan      | 1995-02-22 | 28.9534 |
| Dango     | 2002-02-11 | 21.9781 |
| Darren    | 1987-05-12 | 36.7425 |
| Emiliano  | 1995-03-09 | 28.9123 |
| Alex      | 2003-08-21 | 20.4548 |
| Adam      | 1991-04-29 | 32.7753 |
| Marcus    | 1999-03-22 | 24.8740 |
| Luis      | 1999-06-17 | 24.6356 |
| Tyler     | 1999-02-14 | 24.9726 |
| Justin    | 1999-05-05 | 24.7534 |
| Andrei    | 1997-05-28 | 26.6904 |
| Kieffer   | 1992-08-08 | 31.4959 |
| Hamed     | 2000-02-16 | 23.9671 |
| Antoine   | 2000-01-07 | 24.0767 |
| Marcos    | 1997-05-10 | 26.7397 |
| Gavin     | 2000-02-01 | 24.0082 |
| Illia     | 2002-09-01 | 21.4247 |
| Philip    | 1996-06-11 | 27.6521 |
| Max       | 2000-01-04 | 24.0849 |
| Mark      | 1999-05-18 | 24.7178 |
| Ben       | 2003-02-20 | 20.9534 |
| Cameron   | 2001-09-24 | 22.3616 |
+-----------+------------+---------+
31 rows in set (0.06 sec)

mysql> select firstname, birthdate, round(datediff(curdate(), birthdate) / 365,0 ) as Age from player;
+-----------+------------+------+
| firstname | birthdate  | Age  |
+-----------+------------+------+
| Theo      | 1989-07-19 |   35 |
| Ryan      | 1992-10-10 |   31 |
| Milos     | 2003-11-07 |   20 |
| Lewis     | 1997-02-03 |   27 |
| Lloyd     | 1998-10-06 |   25 |
| Chris     | 1997-11-05 |   26 |
| David     | 1997-07-08 |   27 |
| Joe       | 1995-01-11 |   29 |
| Dominic   | 1997-09-14 |   26 |
| Ryan      | 1995-02-22 |   29 |
| Dango     | 2002-02-11 |   22 |
| Darren    | 1987-05-12 |   37 |
| Emiliano  | 1995-03-09 |   29 |
| Alex      | 2003-08-21 |   20 |
| Adam      | 1991-04-29 |   33 |
| Marcus    | 1999-03-22 |   25 |
| Luis      | 1999-06-17 |   25 |
| Tyler     | 1999-02-14 |   25 |
| Justin    | 1999-05-05 |   25 |
| Andrei    | 1997-05-28 |   27 |
| Kieffer   | 1992-08-08 |   31 |
| Hamed     | 2000-02-16 |   24 |
| Antoine   | 2000-01-07 |   24 |
| Marcos    | 1997-05-10 |   27 |
| Gavin     | 2000-02-01 |   24 |
| Illia     | 2002-09-01 |   21 |
| Philip    | 1996-06-11 |   28 |
| Max       | 2000-01-04 |   24 |
| Mark      | 1999-05-18 |   25 |
| Ben       | 2003-02-20 |   21 |
| Cameron   | 2001-09-24 |   22 |
+-----------+------------+------+
31 rows in set (0.01 sec)

mysql> alter table player add column age int;
Query OK, 0 rows affected (0.10 sec)
Records: 0  Duplicates: 0  Warnings: 0

mysql> select * from player;
+-----------+------------+---------+------------+------------+------+
| firstName | lastName   | shirtNo | birthDate  | position   | age  |
+-----------+------------+---------+------------+------------+------+
| Theo      | Neto       |       1 | 1989-07-19 | Goalkeeper | NULL |
| Ryan      | Fredericks |       2 | 1992-10-10 | Defender   | NULL |
| Milos     | Kerkez     |       3 | 2003-11-07 | Defender   | NULL |
| Lewis     | Cook       |       4 | 1997-02-03 | Midfielder | NULL |
| Lloyd     | Kelly      |       5 | 1998-10-06 | Defender   | NULL |
| Chris     | Mepham     |       6 | 1997-11-05 | Defender   | NULL |
| David     | Brooks     |       7 | 1997-07-08 | Midfielder | NULL |
| Joe       | Rothwell   |       8 | 1995-01-11 | Midfielder | NULL |
| Dominic   | Solanke    |       9 | 1997-09-14 | Forward    | NULL |
| Ryan      | Christie   |      10 | 1995-02-22 | Midfielder | NULL |
| Dango     | Ouattara   |      11 | 2002-02-11 | Forward    | NULL |
| Darren    | Randolph   |      12 | 1987-05-12 | Goalkeeper | NULL |
| Emiliano  | Marcondes  |      13 | 1995-03-09 | Midfielder | NULL |
| Alex      | Scott      |      14 | 2003-08-21 | Midfielder | NULL |
| Adam      | Smith      |      15 | 1991-04-29 | Defender   | NULL |
| Marcus    | Tavernier  |      16 | 1999-03-22 | Midfielder | NULL |
| Luis      | Sinisterra |      17 | 1999-06-17 | Forward    | NULL |
| Tyler     | Adams      |      18 | 1999-02-14 | Midfielder | NULL |
| Justin    | Kluivert   |      19 | 1999-05-05 | Forward    | NULL |
| Andrei    | Radu       |      20 | 1997-05-28 | Goalkeeper | NULL |
| Kieffer   | Moore      |      21 | 1992-08-08 | Forward    | NULL |
| Hamed     | Traorè     |      22 | 2000-02-16 | Midfielder | NULL |
| Antoine   | Semenyo    |      24 | 2000-01-07 | Forward    | NULL |
| Marcos    | Senesi     |      25 | 1997-05-10 | Defender   | NULL |
| Gavin     | Kilkenny   |      26 | 2000-02-01 | Midfielder | NULL |
| Illia     | Zabarnyi   |      27 | 2002-09-01 | Defender   | NULL |
| Philip    | Billing    |      29 | 1996-06-11 | Midfielder | NULL |
| Max       | Aarons     |      37 | 2000-01-04 | Defender   | NULL |
| Mark      | Travers    |      42 | 1999-05-18 | Goalkeeper | NULL |
| Ben       | Greenwood  |      43 | 2003-02-20 | Defender   | NULL |
| Cameron   | Plain      |      45 | 2001-09-24 | Goalkeeper | NULL |
+-----------+------------+---------+------------+------------+------+
31 rows in set (0.00 sec)

mysql> update player set age=round(datediff(curdate(), birthdate) / 365,0 );
Query OK, 31 rows affected (0.01 sec)
Rows matched: 31  Changed: 31  Warnings: 0

mysql> select * from player;
+-----------+------------+---------+------------+------------+------+
| firstName | lastName   | shirtNo | birthDate  | position   | age  |
+-----------+------------+---------+------------+------------+------+
| Theo      | Neto       |       1 | 1989-07-19 | Goalkeeper |   35 |
| Ryan      | Fredericks |       2 | 1992-10-10 | Defender   |   31 |
| Milos     | Kerkez     |       3 | 2003-11-07 | Defender   |   20 |
| Lewis     | Cook       |       4 | 1997-02-03 | Midfielder |   27 |
| Lloyd     | Kelly      |       5 | 1998-10-06 | Defender   |   25 |
| Chris     | Mepham     |       6 | 1997-11-05 | Defender   |   26 |
| David     | Brooks     |       7 | 1997-07-08 | Midfielder |   27 |
| Joe       | Rothwell   |       8 | 1995-01-11 | Midfielder |   29 |
| Dominic   | Solanke    |       9 | 1997-09-14 | Forward    |   26 |
| Ryan      | Christie   |      10 | 1995-02-22 | Midfielder |   29 |
| Dango     | Ouattara   |      11 | 2002-02-11 | Forward    |   22 |
| Darren    | Randolph   |      12 | 1987-05-12 | Goalkeeper |   37 |
| Emiliano  | Marcondes  |      13 | 1995-03-09 | Midfielder |   29 |
| Alex      | Scott      |      14 | 2003-08-21 | Midfielder |   20 |
| Adam      | Smith      |      15 | 1991-04-29 | Defender   |   33 |
| Marcus    | Tavernier  |      16 | 1999-03-22 | Midfielder |   25 |
| Luis      | Sinisterra |      17 | 1999-06-17 | Forward    |   25 |
| Tyler     | Adams      |      18 | 1999-02-14 | Midfielder |   25 |
| Justin    | Kluivert   |      19 | 1999-05-05 | Forward    |   25 |
| Andrei    | Radu       |      20 | 1997-05-28 | Goalkeeper |   27 |
| Kieffer   | Moore      |      21 | 1992-08-08 | Forward    |   31 |
| Hamed     | Traorè     |      22 | 2000-02-16 | Midfielder |   24 |
| Antoine   | Semenyo    |      24 | 2000-01-07 | Forward    |   24 |
| Marcos    | Senesi     |      25 | 1997-05-10 | Defender   |   27 |
| Gavin     | Kilkenny   |      26 | 2000-02-01 | Midfielder |   24 |
| Illia     | Zabarnyi   |      27 | 2002-09-01 | Defender   |   21 |
| Philip    | Billing    |      29 | 1996-06-11 | Midfielder |   28 |
| Max       | Aarons     |      37 | 2000-01-04 | Defender   |   24 |
| Mark      | Travers    |      42 | 1999-05-18 | Goalkeeper |   25 |
| Ben       | Greenwood  |      43 | 2003-02-20 | Defender   |   21 |
| Cameron   | Plain      |      45 | 2001-09-24 | Goalkeeper |   22 |
+-----------+------------+---------+------------+------------+------+
31 rows in set (0.01 sec)

mysql> select avg(age) from player;
+----------+
| avg(age) |
+----------+
|  26.2581 |
+----------+
1 row in set (0.08 sec)

mysql> select round(avg(age),0) from player;
+-------------------+
| round(avg(age),0) |
+-------------------+
|                26 |
+-------------------+
1 row in set (0.01 sec)

mysql> select firstname from player where min(age) and max(age);
ERROR 1111 (HY000): Invalid use of group function
mysql> select firstname from player where min(age);
ERROR 1111 (HY000): Invalid use of group function
mysql> select firstname,min(age) from player;
ERROR 1140 (42000): In aggregated query without GROUP BY, expression #1 of SELECT list contains nonaggregated column 'leetcode.player.firstName'; this is incompatible with sql_mode=only_full_group_by
mysql> select firstname,min(age) as youngest from player;
ERROR 1140 (42000): In aggregated query without GROUP BY, expression #1 of SELECT list contains nonaggregated column 'leetcode.player.firstName'; this is incompatible with sql_mode=only_full_group_by
mysql> select min(age) as youngest from player;
+----------+
| youngest |
+----------+
|       20 |
+----------+
1 row in set (0.01 sec)

mysql> select max(age) as oldest from player;
+--------+
| oldest |
+--------+
|     37 |
+--------+
1 row in set (0.00 sec)

mysql> select count(firstname) from player;
+------------------+
| count(firstname) |
+------------------+
|               31 |
+------------------+
1 row in set (0.03 sec)

mysql> update player set position='midfielder' where firstname='Dango Ouattara';
Query OK, 0 rows affected (0.02 sec)
Rows matched: 0  Changed: 0  Warnings: 0

mysql> select * from player;
+-----------+------------+---------+------------+------------+------+
| firstName | lastName   | shirtNo | birthDate  | position   | age  |
+-----------+------------+---------+------------+------------+------+
| Theo      | Neto       |       1 | 1989-07-19 | Goalkeeper |   35 |
| Ryan      | Fredericks |       2 | 1992-10-10 | Defender   |   31 |
| Milos     | Kerkez     |       3 | 2003-11-07 | Defender   |   20 |
| Lewis     | Cook       |       4 | 1997-02-03 | Midfielder |   27 |
| Lloyd     | Kelly      |       5 | 1998-10-06 | Defender   |   25 |
| Chris     | Mepham     |       6 | 1997-11-05 | Defender   |   26 |
| David     | Brooks     |       7 | 1997-07-08 | Midfielder |   27 |
| Joe       | Rothwell   |       8 | 1995-01-11 | Midfielder |   29 |
| Dominic   | Solanke    |       9 | 1997-09-14 | Forward    |   26 |
| Ryan      | Christie   |      10 | 1995-02-22 | Midfielder |   29 |
| Dango     | Ouattara   |      11 | 2002-02-11 | Forward    |   22 |
| Darren    | Randolph   |      12 | 1987-05-12 | Goalkeeper |   37 |
| Emiliano  | Marcondes  |      13 | 1995-03-09 | Midfielder |   29 |
| Alex      | Scott      |      14 | 2003-08-21 | Midfielder |   20 |
| Adam      | Smith      |      15 | 1991-04-29 | Defender   |   33 |
| Marcus    | Tavernier  |      16 | 1999-03-22 | Midfielder |   25 |
| Luis      | Sinisterra |      17 | 1999-06-17 | Forward    |   25 |
| Tyler     | Adams      |      18 | 1999-02-14 | Midfielder |   25 |
| Justin    | Kluivert   |      19 | 1999-05-05 | Forward    |   25 |
| Andrei    | Radu       |      20 | 1997-05-28 | Goalkeeper |   27 |
| Kieffer   | Moore      |      21 | 1992-08-08 | Forward    |   31 |
| Hamed     | Traorè     |      22 | 2000-02-16 | Midfielder |   24 |
| Antoine   | Semenyo    |      24 | 2000-01-07 | Forward    |   24 |
| Marcos    | Senesi     |      25 | 1997-05-10 | Defender   |   27 |
| Gavin     | Kilkenny   |      26 | 2000-02-01 | Midfielder |   24 |
| Illia     | Zabarnyi   |      27 | 2002-09-01 | Defender   |   21 |
| Philip    | Billing    |      29 | 1996-06-11 | Midfielder |   28 |
| Max       | Aarons     |      37 | 2000-01-04 | Defender   |   24 |
| Mark      | Travers    |      42 | 1999-05-18 | Goalkeeper |   25 |
| Ben       | Greenwood  |      43 | 2003-02-20 | Defender   |   21 |
| Cameron   | Plain      |      45 | 2001-09-24 | Goalkeeper |   22 |
+-----------+------------+---------+------------+------------+------+
31 rows in set (0.01 sec)

mysql> update player set position='midfielder' where firstname='Dango' and lastname='Quattara';
Query OK, 0 rows affected (0.01 sec)
Rows matched: 0  Changed: 0  Warnings: 0

mysql> select * from player;
+-----------+------------+---------+------------+------------+------+
| firstName | lastName   | shirtNo | birthDate  | position   | age  |
+-----------+------------+---------+------------+------------+------+
| Theo      | Neto       |       1 | 1989-07-19 | Goalkeeper |   35 |
| Ryan      | Fredericks |       2 | 1992-10-10 | Defender   |   31 |
| Milos     | Kerkez     |       3 | 2003-11-07 | Defender   |   20 |
| Lewis     | Cook       |       4 | 1997-02-03 | Midfielder |   27 |
| Lloyd     | Kelly      |       5 | 1998-10-06 | Defender   |   25 |
| Chris     | Mepham     |       6 | 1997-11-05 | Defender   |   26 |
| David     | Brooks     |       7 | 1997-07-08 | Midfielder |   27 |
| Joe       | Rothwell   |       8 | 1995-01-11 | Midfielder |   29 |
| Dominic   | Solanke    |       9 | 1997-09-14 | Forward    |   26 |
| Ryan      | Christie   |      10 | 1995-02-22 | Midfielder |   29 |
| Dango     | Ouattara   |      11 | 2002-02-11 | Forward    |   22 |
| Darren    | Randolph   |      12 | 1987-05-12 | Goalkeeper |   37 |
| Emiliano  | Marcondes  |      13 | 1995-03-09 | Midfielder |   29 |
| Alex      | Scott      |      14 | 2003-08-21 | Midfielder |   20 |
| Adam      | Smith      |      15 | 1991-04-29 | Defender   |   33 |
| Marcus    | Tavernier  |      16 | 1999-03-22 | Midfielder |   25 |
| Luis      | Sinisterra |      17 | 1999-06-17 | Forward    |   25 |
| Tyler     | Adams      |      18 | 1999-02-14 | Midfielder |   25 |
| Justin    | Kluivert   |      19 | 1999-05-05 | Forward    |   25 |
| Andrei    | Radu       |      20 | 1997-05-28 | Goalkeeper |   27 |
| Kieffer   | Moore      |      21 | 1992-08-08 | Forward    |   31 |
| Hamed     | Traorè     |      22 | 2000-02-16 | Midfielder |   24 |
| Antoine   | Semenyo    |      24 | 2000-01-07 | Forward    |   24 |
| Marcos    | Senesi     |      25 | 1997-05-10 | Defender   |   27 |
| Gavin     | Kilkenny   |      26 | 2000-02-01 | Midfielder |   24 |
| Illia     | Zabarnyi   |      27 | 2002-09-01 | Defender   |   21 |
| Philip    | Billing    |      29 | 1996-06-11 | Midfielder |   28 |
| Max       | Aarons     |      37 | 2000-01-04 | Defender   |   24 |
| Mark      | Travers    |      42 | 1999-05-18 | Goalkeeper |   25 |
| Ben       | Greenwood  |      43 | 2003-02-20 | Defender   |   21 |
| Cameron   | Plain      |      45 | 2001-09-24 | Goalkeeper |   22 |
+-----------+------------+---------+------------+------------+------+
31 rows in set (0.00 sec)

mysql> update player set position='midfielder' where firstname='Dango';
Query OK, 1 row affected (0.03 sec)
Rows matched: 1  Changed: 1  Warnings: 0

mysql> select * from player;
+-----------+------------+---------+------------+------------+------+
| firstName | lastName   | shirtNo | birthDate  | position   | age  |
+-----------+------------+---------+------------+------------+------+
| Theo      | Neto       |       1 | 1989-07-19 | Goalkeeper |   35 |
| Ryan      | Fredericks |       2 | 1992-10-10 | Defender   |   31 |
| Milos     | Kerkez     |       3 | 2003-11-07 | Defender   |   20 |
| Lewis     | Cook       |       4 | 1997-02-03 | Midfielder |   27 |
| Lloyd     | Kelly      |       5 | 1998-10-06 | Defender   |   25 |
| Chris     | Mepham     |       6 | 1997-11-05 | Defender   |   26 |
| David     | Brooks     |       7 | 1997-07-08 | Midfielder |   27 |
| Joe       | Rothwell   |       8 | 1995-01-11 | Midfielder |   29 |
| Dominic   | Solanke    |       9 | 1997-09-14 | Forward    |   26 |
| Ryan      | Christie   |      10 | 1995-02-22 | Midfielder |   29 |
| Dango     | Ouattara   |      11 | 2002-02-11 | midfielder |   22 |
| Darren    | Randolph   |      12 | 1987-05-12 | Goalkeeper |   37 |
| Emiliano  | Marcondes  |      13 | 1995-03-09 | Midfielder |   29 |
| Alex      | Scott      |      14 | 2003-08-21 | Midfielder |   20 |
| Adam      | Smith      |      15 | 1991-04-29 | Defender   |   33 |
| Marcus    | Tavernier  |      16 | 1999-03-22 | Midfielder |   25 |
| Luis      | Sinisterra |      17 | 1999-06-17 | Forward    |   25 |
| Tyler     | Adams      |      18 | 1999-02-14 | Midfielder |   25 |
| Justin    | Kluivert   |      19 | 1999-05-05 | Forward    |   25 |
| Andrei    | Radu       |      20 | 1997-05-28 | Goalkeeper |   27 |
| Kieffer   | Moore      |      21 | 1992-08-08 | Forward    |   31 |
| Hamed     | Traorè     |      22 | 2000-02-16 | Midfielder |   24 |
| Antoine   | Semenyo    |      24 | 2000-01-07 | Forward    |   24 |
| Marcos    | Senesi     |      25 | 1997-05-10 | Defender   |   27 |
| Gavin     | Kilkenny   |      26 | 2000-02-01 | Midfielder |   24 |
| Illia     | Zabarnyi   |      27 | 2002-09-01 | Defender   |   21 |
| Philip    | Billing    |      29 | 1996-06-11 | Midfielder |   28 |
| Max       | Aarons     |      37 | 2000-01-04 | Defender   |   24 |
| Mark      | Travers    |      42 | 1999-05-18 | Goalkeeper |   25 |
| Ben       | Greenwood  |      43 | 2003-02-20 | Defender   |   21 |
| Cameron   | Plain      |      45 | 2001-09-24 | Goalkeeper |   22 |
+-----------+------------+---------+------------+------------+------+
31 rows in set (0.00 sec)

mysql> update player set birthdate='1999-01-04' where firstname='Max';
Query OK, 1 row affected (0.06 sec)
Rows matched: 1  Changed: 1  Warnings: 0

mysql> select * from player;
+-----------+------------+---------+------------+------------+------+
| firstName | lastName   | shirtNo | birthDate  | position   | age  |
+-----------+------------+---------+------------+------------+------+
| Theo      | Neto       |       1 | 1989-07-19 | Goalkeeper |   35 |
| Ryan      | Fredericks |       2 | 1992-10-10 | Defender   |   31 |
| Milos     | Kerkez     |       3 | 2003-11-07 | Defender   |   20 |
| Lewis     | Cook       |       4 | 1997-02-03 | Midfielder |   27 |
| Lloyd     | Kelly      |       5 | 1998-10-06 | Defender   |   25 |
| Chris     | Mepham     |       6 | 1997-11-05 | Defender   |   26 |
| David     | Brooks     |       7 | 1997-07-08 | Midfielder |   27 |
| Joe       | Rothwell   |       8 | 1995-01-11 | Midfielder |   29 |
| Dominic   | Solanke    |       9 | 1997-09-14 | Forward    |   26 |
| Ryan      | Christie   |      10 | 1995-02-22 | Midfielder |   29 |
| Dango     | Ouattara   |      11 | 2002-02-11 | midfielder |   22 |
| Darren    | Randolph   |      12 | 1987-05-12 | Goalkeeper |   37 |
| Emiliano  | Marcondes  |      13 | 1995-03-09 | Midfielder |   29 |
| Alex      | Scott      |      14 | 2003-08-21 | Midfielder |   20 |
| Adam      | Smith      |      15 | 1991-04-29 | Defender   |   33 |
| Marcus    | Tavernier  |      16 | 1999-03-22 | Midfielder |   25 |
| Luis      | Sinisterra |      17 | 1999-06-17 | Forward    |   25 |
| Tyler     | Adams      |      18 | 1999-02-14 | Midfielder |   25 |
| Justin    | Kluivert   |      19 | 1999-05-05 | Forward    |   25 |
| Andrei    | Radu       |      20 | 1997-05-28 | Goalkeeper |   27 |
| Kieffer   | Moore      |      21 | 1992-08-08 | Forward    |   31 |
| Hamed     | Traorè     |      22 | 2000-02-16 | Midfielder |   24 |
| Antoine   | Semenyo    |      24 | 2000-01-07 | Forward    |   24 |
| Marcos    | Senesi     |      25 | 1997-05-10 | Defender   |   27 |
| Gavin     | Kilkenny   |      26 | 2000-02-01 | Midfielder |   24 |
| Illia     | Zabarnyi   |      27 | 2002-09-01 | Defender   |   21 |
| Philip    | Billing    |      29 | 1996-06-11 | Midfielder |   28 |
| Max       | Aarons     |      37 | 1999-01-04 | Defender   |   24 |
| Mark      | Travers    |      42 | 1999-05-18 | Goalkeeper |   25 |
| Ben       | Greenwood  |      43 | 2003-02-20 | Defender   |   21 |
| Cameron   | Plain      |      45 | 2001-09-24 | Goalkeeper |   22 |
+-----------+------------+---------+------------+------------+------+
31 rows in set (0.00 sec)

mysql> select count(distinct(position) from player ;
ERROR 1064 (42000): You have an error in your SQL syntax; check the manual that corresponds to your MySQL server version for the right syntax to use near 'from player' at line 1
mysql> select distinct(count(position)) from player;
+-------------------+
| (count(position)) |
+-------------------+
|                31 |
+-------------------+
1 row in set (0.02 sec)

mysql> select distinct(count(position)) as each_position from player;
+---------------+
| each_position |
+---------------+
|            31 |
+---------------+
1 row in set (0.01 sec)

mysql> select count(distinct psoition) as each_position from player;
ERROR 1054 (42S22): Unknown column 'psoition' in 'field list'
mysql> select count(distinct position) as each_position from player;
+---------------+
| each_position |
+---------------+
|             4 |
+---------------+
1 row in set (0.02 sec)

mysql> select distinct position ,count(distinct position) as each_position from player;
ERROR 1140 (42000): In aggregated query without GROUP BY, expression #1 of SELECT list contains nonaggregated column 'leetcode.player.position'; this is incompatible with sql_mode=only_full_group_by
mysql> select distinct(position) ,count(distinct position) as each_position from player;
ERROR 1140 (42000): In aggregated query without GROUP BY, expression #1 of SELECT list contains nonaggregated column 'leetcode.player.position'; this is incompatible with sql_mode=only_full_group_by
mysql> select position,count(distinct position) as each_position from player group by position;
+------------+---------------+
| position   | each_position |
+------------+---------------+
| Defender   |             1 |
| Forward    |             1 |
| Goalkeeper |             1 |
| Midfielder |             1 |
+------------+---------------+
4 rows in set (0.02 sec)

mysql> select position,count(position) as each_position from player group by position;
+------------+---------------+
| position   | each_position |
+------------+---------------+
| Goalkeeper |             5 |
| Defender   |             9 |
| Midfielder |            12 |
| Forward    |             5 |
+------------+---------------+
4 rows in set (0.01 sec)

mysql> select firstname, lastname from player where max(shirtno);
ERROR 1111 (HY000): Invalid use of group function
mysql> select firstname, lastname , max(shirtno) from player;
ERROR 1140 (42000): In aggregated query without GROUP BY, expression #1 of SELECT list contains nonaggregated column 'leetcode.player.firstName'; this is incompatible with sql_mode=only_full_group_by
mysql> select firstname, lastname , shirtno from player order by max(shirtno);
ERROR 3029 (HY000): Expression #1 of ORDER BY contains aggregate function and applies to the result of a non-aggregated query
mysql> select firstname, lastname , shirtno from player where max(shirtno);
ERROR 1111 (HY000): Invalid use of group function
mysql> select firstname, lastname , shirtno from player order by shirtno limit 1;
+-----------+----------+---------+
| firstname | lastname | shirtno |
+-----------+----------+---------+
| Theo      | Neto     |       1 |
+-----------+----------+---------+
1 row in set (0.00 sec)

mysql> select firstname, lastname , shirtno from player order by shirtno asc limit 1;
+-----------+----------+---------+
| firstname | lastname | shirtno |
+-----------+----------+---------+
| Theo      | Neto     |       1 |
+-----------+----------+---------+
1 row in set (0.01 sec)

mysql> select firstname, lastname , shirtno from player order by shirtno desc limit 1;
+-----------+----------+---------+
| firstname | lastname | shirtno |
+-----------+----------+---------+
| Cameron   | Plain    |      45 |
+-----------+----------+---------+
1 row in set (0.01 sec)

mysql> select date(datebirth) from player;
ERROR 1054 (42S22): Unknown column 'datebirth' in 'field list'
mysql> select dayofmonth(datebirth) from player;
ERROR 1054 (42S22): Unknown column 'datebirth' in 'field list'
mysql> select dayofmonth(birthdate) from player;
+-----------------------+
| dayofmonth(birthdate) |
+-----------------------+
|                    19 |
|                    10 |
|                     7 |
|                     3 |
|                     6 |
|                     5 |
|                     8 |
|                    11 |
|                    14 |
|                    22 |
|                    11 |
|                    12 |
|                     9 |
|                    21 |
|                    29 |
|                    22 |
|                    17 |
|                    14 |
|                     5 |
|                    28 |
|                     8 |
|                    16 |
|                     7 |
|                    10 |
|                     1 |
|                     1 |
|                    11 |
|                     4 |
|                    18 |
|                    20 |
|                    24 |
+-----------------------+
31 rows in set (0.01 sec)

mysql> select month(birthdate) from player;
+------------------+
| month(birthdate) |
+------------------+
|                7 |
|               10 |
|               11 |
|                2 |
|               10 |
|               11 |
|                7 |
|                1 |
|                9 |
|                2 |
|                2 |
|                5 |
|                3 |
|                8 |
|                4 |
|                3 |
|                6 |
|                2 |
|                5 |
|                5 |
|                8 |
|                2 |
|                1 |
|                5 |
|                2 |
|                9 |
|                6 |
|                1 |
|                5 |
|                2 |
|                9 |
+------------------+
31 rows in set (0.01 sec)

mysql> select month(birthdate) from player groupby month;
ERROR 1064 (42000): You have an error in your SQL syntax; check the manual that corresponds to your MySQL server version for the right syntax to use near 'month' at line 1
mysql> select * from player;
+-----------+------------+---------+------------+------------+------+
| firstName | lastName   | shirtNo | birthDate  | position   | age  |
+-----------+------------+---------+------------+------------+------+
| Theo      | Neto       |       1 | 1989-07-19 | Goalkeeper |   35 |
| Ryan      | Fredericks |       2 | 1992-10-10 | Defender   |   31 |
| Milos     | Kerkez     |       3 | 2003-11-07 | Defender   |   20 |
| Lewis     | Cook       |       4 | 1997-02-03 | Midfielder |   27 |
| Lloyd     | Kelly      |       5 | 1998-10-06 | Defender   |   25 |
| Chris     | Mepham     |       6 | 1997-11-05 | Defender   |   26 |
| David     | Brooks     |       7 | 1997-07-08 | Midfielder |   27 |
| Joe       | Rothwell   |       8 | 1995-01-11 | Midfielder |   29 |
| Dominic   | Solanke    |       9 | 1997-09-14 | Forward    |   26 |
| Ryan      | Christie   |      10 | 1995-02-22 | Midfielder |   29 |
| Dango     | Ouattara   |      11 | 2002-02-11 | midfielder |   22 |
| Darren    | Randolph   |      12 | 1987-05-12 | Goalkeeper |   37 |
| Emiliano  | Marcondes  |      13 | 1995-03-09 | Midfielder |   29 |
| Alex      | Scott      |      14 | 2003-08-21 | Midfielder |   20 |
| Adam      | Smith      |      15 | 1991-04-29 | Defender   |   33 |
| Marcus    | Tavernier  |      16 | 1999-03-22 | Midfielder |   25 |
| Luis      | Sinisterra |      17 | 1999-06-17 | Forward    |   25 |
| Tyler     | Adams      |      18 | 1999-02-14 | Midfielder |   25 |
| Justin    | Kluivert   |      19 | 1999-05-05 | Forward    |   25 |
| Andrei    | Radu       |      20 | 1997-05-28 | Goalkeeper |   27 |
| Kieffer   | Moore      |      21 | 1992-08-08 | Forward    |   31 |
| Hamed     | Traorè     |      22 | 2000-02-16 | Midfielder |   24 |
| Antoine   | Semenyo    |      24 | 2000-01-07 | Forward    |   24 |
| Marcos    | Senesi     |      25 | 1997-05-10 | Defender   |   27 |
| Gavin     | Kilkenny   |      26 | 2000-02-01 | Midfielder |   24 |
| Illia     | Zabarnyi   |      27 | 2002-09-01 | Defender   |   21 |
| Philip    | Billing    |      29 | 1996-06-11 | Midfielder |   28 |
| Max       | Aarons     |      37 | 1999-01-04 | Defender   |   24 |
| Mark      | Travers    |      42 | 1999-05-18 | Goalkeeper |   25 |
| Ben       | Greenwood  |      43 | 2003-02-20 | Defender   |   21 |
| Cameron   | Plain      |      45 | 2001-09-24 | Goalkeeper |   22 |
+-----------+------------+---------+------------+------------+------+
31 rows in set (0.07 sec)

mysql> select month(birthdate) from player groupby month;
ERROR 1064 (42000): You have an error in your SQL syntax; check the manual that corresponds to your MySQL server version for the right syntax to use near 'month' at line 1
mysql> select count(firstname) from player group by month(birthdate);
+------------------+
| count(firstname) |
+------------------+
|                2 |
|                2 |
|                2 |
|                7 |
|                3 |
|                3 |
|                5 |
|                2 |
|                2 |
|                1 |
|                2 |
+------------------+
11 rows in set (0.03 sec)

mysql> select month(birthdate) from player order by desc;
ERROR 1064 (42000): You have an error in your SQL syntax; check the manual that corresponds to your MySQL server version for the right syntax to use near 'desc' at line 1
mysql> select month(birthdate) from player order by asc;
ERROR 1064 (42000): You have an error in your SQL syntax; check the manual that corresponds to your MySQL server version for the right syntax to use near 'asc' at line 1
mysql> select month(birthdate) from player order by asec;
ERROR 1054 (42S22): Unknown column 'asec' in 'order clause'
mysql> select month(birthdate) from player order by month desc;
ERROR 1054 (42S22): Unknown column 'month' in 'order clause'
mysql> select month(birthdate) as month from player order by month desc;
+-------+
| month |
+-------+
|    11 |
|    11 |
|    10 |
|    10 |
|     9 |
|     9 |
|     9 |
|     8 |
|     8 |
|     7 |
|     7 |
|     6 |
|     6 |
|     5 |
|     5 |
|     5 |
|     5 |
|     5 |
|     4 |
|     3 |
|     3 |
|     2 |
|     2 |
|     2 |
|     2 |
|     2 |
|     2 |
|     2 |
|     1 |
|     1 |
|     1 |
+-------+
31 rows in set (0.01 sec)

mysql> select month(birthdate) as month from player order by month asec;
ERROR 1064 (42000): You have an error in your SQL syntax; check the manual that corresponds to your MySQL server version for the right syntax to use near 'asec' at line 1
mysql> select month(birthdate) as month from player order by month asc;
+-------+
| month |
+-------+
|     1 |
|     1 |
|     1 |
|     2 |
|     2 |
|     2 |
|     2 |
|     2 |
|     2 |
|     2 |
|     3 |
|     3 |
|     4 |
|     5 |
|     5 |
|     5 |
|     5 |
|     5 |
|     6 |
|     6 |
|     7 |
|     7 |
|     8 |
|     8 |
|     9 |
|     9 |
|     9 |
|    10 |
|    10 |
|    11 |
|    11 |
+-------+
31 rows in set (0.00 sec)

mysql> select monthname(birthdate) as month from player order by month asc;
+-----------+
| month     |
+-----------+
| April     |
| August    |
| August    |
| February  |
| February  |
| February  |
| February  |
| February  |
| February  |
| February  |
| January   |
| January   |
| January   |
| July      |
| July      |
| June      |
| June      |
| March     |
| March     |
| May       |
| May       |
| May       |
| May       |
| May       |
| November  |
| November  |
| October   |
| October   |
| September |
| September |
| September |
+-----------+
31 rows in set (0.01 sec)

mysql> select monthname(birthdate) as month from player order by month asc;
+-----------+
| month     |
+-----------+
| April     |
| August    |
| August    |
| February  |
| February  |
| February  |
| February  |
| February  |
| February  |
| February  |
| January   |
| January   |
| January   |
| July      |
| July      |
| June      |
| June      |
| March     |
| March     |
| May       |
| May       |
| May       |
| May       |
| May       |
| November  |
| November  |
| October   |
| October   |
| September |
| September |
| September |
+-----------+
31 rows in set (0.01 sec)

mysql> select monthname(birthdate) as month from player group by month order by month asc;
+-----------+
| month     |
+-----------+
| April     |
| August    |
| February  |
| January   |
| July      |
| June      |
| March     |
| May       |
| November  |
| October   |
| September |
+-----------+
11 rows in set (0.01 sec)

mysql> select count(monthname(birthdate)) as month from player group by month order by month asc;

mysql> alter table player add column month char;
Query OK, 0 rows affected (0.09 sec)
Records: 0  Duplicates: 0  Warnings: 0

mysql> select * from player;
+-----------+------------+---------+------------+------------+------+-------+
| firstName | lastName   | shirtNo | birthDate  | position   | age  | month |
+-----------+------------+---------+------------+------------+------+-------+
| Theo      | Neto       |       1 | 1989-07-19 | Goalkeeper |   35 | NULL  |
| Ryan      | Fredericks |       2 | 1992-10-10 | Defender   |   31 | NULL  |
| Milos     | Kerkez     |       3 | 2003-11-07 | Defender   |   20 | NULL  |
| Lewis     | Cook       |       4 | 1997-02-03 | Midfielder |   27 | NULL  |
| Lloyd     | Kelly      |       5 | 1998-10-06 | Defender   |   25 | NULL  |
| Chris     | Mepham     |       6 | 1997-11-05 | Defender   |   26 | NULL  |
| David     | Brooks     |       7 | 1997-07-08 | Midfielder |   27 | NULL  |
| Joe       | Rothwell   |       8 | 1995-01-11 | Midfielder |   29 | NULL  |
| Dominic   | Solanke    |       9 | 1997-09-14 | Forward    |   26 | NULL  |
| Ryan      | Christie   |      10 | 1995-02-22 | Midfielder |   29 | NULL  |
| Dango     | Ouattara   |      11 | 2002-02-11 | midfielder |   22 | NULL  |
| Darren    | Randolph   |      12 | 1987-05-12 | Goalkeeper |   37 | NULL  |
| Emiliano  | Marcondes  |      13 | 1995-03-09 | Midfielder |   29 | NULL  |
| Alex      | Scott      |      14 | 2003-08-21 | Midfielder |   20 | NULL  |
| Adam      | Smith      |      15 | 1991-04-29 | Defender   |   33 | NULL  |
| Marcus    | Tavernier  |      16 | 1999-03-22 | Midfielder |   25 | NULL  |
| Luis      | Sinisterra |      17 | 1999-06-17 | Forward    |   25 | NULL  |
| Tyler     | Adams      |      18 | 1999-02-14 | Midfielder |   25 | NULL  |
| Justin    | Kluivert   |      19 | 1999-05-05 | Forward    |   25 | NULL  |
| Andrei    | Radu       |      20 | 1997-05-28 | Goalkeeper |   27 | NULL  |
| Kieffer   | Moore      |      21 | 1992-08-08 | Forward    |   31 | NULL  |
| Hamed     | Traorè     |      22 | 2000-02-16 | Midfielder |   24 | NULL  |
| Antoine   | Semenyo    |      24 | 2000-01-07 | Forward    |   24 | NULL  |
| Marcos    | Senesi     |      25 | 1997-05-10 | Defender   |   27 | NULL  |
| Gavin     | Kilkenny   |      26 | 2000-02-01 | Midfielder |   24 | NULL  |
| Illia     | Zabarnyi   |      27 | 2002-09-01 | Defender   |   21 | NULL  |
| Philip    | Billing    |      29 | 1996-06-11 | Midfielder |   28 | NULL  |
| Max       | Aarons     |      37 | 1999-01-04 | Defender   |   24 | NULL  |
| Mark      | Travers    |      42 | 1999-05-18 | Goalkeeper |   25 | NULL  |
| Ben       | Greenwood  |      43 | 2003-02-20 | Defender   |   21 | NULL  |
| Cameron   | Plain      |      45 | 2001-09-24 | Goalkeeper |   22 | NULL  |
+-----------+------------+---------+------------+------------+------+-------+
31 rows in set (0.00 sec)

mysql> update player set month=monthname(birthdate);
ERROR 1406 (22001): Data too long for column 'month' at row 1
mysql> alter table player add column month varchar(20);
ERROR 1060 (42S21): Duplicate column name 'month'
mysql> update player set column month varchar(20);
ERROR 1064 (42000): You have an error in your SQL syntax; check the manual that corresponds to your MySQL server version for the right syntax to use near 'column month varchar(20)' at line 1
mysql> alter table player modify column month varchar(20);
Query OK, 31 rows affected (0.05 sec)
Records: 31  Duplicates: 0  Warnings: 0

mysql> update player set month=monthname(birthdate);
Query OK, 31 rows affected (0.01 sec)
Rows matched: 31  Changed: 31  Warnings: 0

mysql> select * from player;
+-----------+------------+---------+------------+------------+------+-----------+
| firstName | lastName   | shirtNo | birthDate  | position   | age  | month     |
+-----------+------------+---------+------------+------------+------+-----------+
| Theo      | Neto       |       1 | 1989-07-19 | Goalkeeper |   35 | July      |
| Ryan      | Fredericks |       2 | 1992-10-10 | Defender   |   31 | October   |
| Milos     | Kerkez     |       3 | 2003-11-07 | Defender   |   20 | November  |
| Lewis     | Cook       |       4 | 1997-02-03 | Midfielder |   27 | February  |
| Lloyd     | Kelly      |       5 | 1998-10-06 | Defender   |   25 | October   |
| Chris     | Mepham     |       6 | 1997-11-05 | Defender   |   26 | November  |
| David     | Brooks     |       7 | 1997-07-08 | Midfielder |   27 | July      |
| Joe       | Rothwell   |       8 | 1995-01-11 | Midfielder |   29 | January   |
| Dominic   | Solanke    |       9 | 1997-09-14 | Forward    |   26 | September |
| Ryan      | Christie   |      10 | 1995-02-22 | Midfielder |   29 | February  |
| Dango     | Ouattara   |      11 | 2002-02-11 | midfielder |   22 | February  |
| Darren    | Randolph   |      12 | 1987-05-12 | Goalkeeper |   37 | May       |
| Emiliano  | Marcondes  |      13 | 1995-03-09 | Midfielder |   29 | March     |
| Alex      | Scott      |      14 | 2003-08-21 | Midfielder |   20 | August    |
| Adam      | Smith      |      15 | 1991-04-29 | Defender   |   33 | April     |
| Marcus    | Tavernier  |      16 | 1999-03-22 | Midfielder |   25 | March     |
| Luis      | Sinisterra |      17 | 1999-06-17 | Forward    |   25 | June      |
| Tyler     | Adams      |      18 | 1999-02-14 | Midfielder |   25 | February  |
| Justin    | Kluivert   |      19 | 1999-05-05 | Forward    |   25 | May       |
| Andrei    | Radu       |      20 | 1997-05-28 | Goalkeeper |   27 | May       |
| Kieffer   | Moore      |      21 | 1992-08-08 | Forward    |   31 | August    |
| Hamed     | Traorè     |      22 | 2000-02-16 | Midfielder |   24 | February  |
| Antoine   | Semenyo    |      24 | 2000-01-07 | Forward    |   24 | January   |
| Marcos    | Senesi     |      25 | 1997-05-10 | Defender   |   27 | May       |
| Gavin     | Kilkenny   |      26 | 2000-02-01 | Midfielder |   24 | February  |
| Illia     | Zabarnyi   |      27 | 2002-09-01 | Defender   |   21 | September |
| Philip    | Billing    |      29 | 1996-06-11 | Midfielder |   28 | June      |
| Max       | Aarons     |      37 | 1999-01-04 | Defender   |   24 | January   |
| Mark      | Travers    |      42 | 1999-05-18 | Goalkeeper |   25 | May       |
| Ben       | Greenwood  |      43 | 2003-02-20 | Defender   |   21 | February  |
| Cameron   | Plain      |      45 | 2001-09-24 | Goalkeeper |   22 | September |
+-----------+------------+---------+------------+------------+------+-----------+
31 rows in set (0.00 sec)

mysql> select month from player group by month;
+-----------+
| month     |
+-----------+
| July      |
| October   |
| November  |
| February  |
| January   |
| September |
| May       |
| March     |
| August    |
| April     |
| June      |
+-----------+
11 rows in set (0.01 sec)

mysql> select count(month) from player group by month;
+--------------+
| count(month) |
+--------------+
|            2 |
|            2 |
|            2 |
|            7 |
|            3 |
|            3 |
|            5 |
|            2 |
|            2 |
|            1 |
|            2 |
+--------------+
11 rows in set (0.01 sec)

mysql> select month,count(month) from player group by month;
+-----------+--------------+
| month     | count(month) |
+-----------+--------------+
| July      |            2 |
| October   |            2 |
| November  |            2 |
| February  |            7 |
| January   |            3 |
| September |            3 |
| May       |            5 |
| March     |            2 |
| August    |            2 |
| April     |            1 |
| June      |            2 |
+-----------+--------------+
11 rows in set (0.00 sec)

mysql> select name, position, from player where birthdate>'1995-12-31';
ERROR 1064 (42000): You have an error in your SQL syntax; check the manual that corresponds to your MySQL server version for the right syntax to use near 'from player where birthdate>'1995-12-31'' at line 1
mysql> select name, position from player where birthdate>'1995-12-31';
ERROR 1054 (42S22): Unknown column 'name' in 'field list'
mysql> select fistname,lastname, position from player where birthdate>'1995-12-31';
ERROR 1054 (42S22): Unknown column 'fistname' in 'field list'
mysql> select firstname,lastname, position from player where birthdate>'1995-12-31';
+-----------+------------+------------+
| firstname | lastname   | position   |
+-----------+------------+------------+
| Milos     | Kerkez     | Defender   |
| Lewis     | Cook       | Midfielder |
| Lloyd     | Kelly      | Defender   |
| Chris     | Mepham     | Defender   |
| David     | Brooks     | Midfielder |
| Dominic   | Solanke    | Forward    |
| Dango     | Ouattara   | midfielder |
| Alex      | Scott      | Midfielder |
| Marcus    | Tavernier  | Midfielder |
| Luis      | Sinisterra | Forward    |
| Tyler     | Adams      | Midfielder |
| Justin    | Kluivert   | Forward    |
| Andrei    | Radu       | Goalkeeper |
| Hamed     | Traorè     | Midfielder |
| Antoine   | Semenyo    | Forward    |
| Marcos    | Senesi     | Defender   |
| Gavin     | Kilkenny   | Midfielder |
| Illia     | Zabarnyi   | Defender   |
| Philip    | Billing    | Midfielder |
| Max       | Aarons     | Defender   |
| Mark      | Travers    | Goalkeeper |
| Ben       | Greenwood  | Defender   |
| Cameron   | Plain      | Goalkeeper |
+-----------+------------+------------+
23 rows in set (0.03 sec)

mysql> select firstname, lastname,shirtno from player where position='goalkeeper';
+-----------+----------+---------+
| firstname | lastname | shirtno |
+-----------+----------+---------+
| Theo      | Neto     |       1 |
| Darren    | Randolph |      12 |
| Andrei    | Radu     |      20 |
| Mark      | Travers  |      42 |
| Cameron   | Plain    |      45 |
+-----------+----------+---------+
5 rows in set (0.01 sec)

mysql> select firstname from player where lastname='/M';
Empty set (0.00 sec)

mysql> select firstname from player where lastname='\M';
Empty set (0.01 sec)

mysql> select firstname from player where lastname like 'M%';
+-----------+
| firstname |
+-----------+
| Chris     |
| Emiliano  |
| Kieffer   |
+-----------+
3 rows in set (0.01 sec)

mysql> select * from player where shirtno>10 and birthdate>'1990-12-31';
+-----------+------------+---------+------------+------------+------+-----------+
| firstName | lastName   | shirtNo | birthDate  | position   | age  | month     |
+-----------+------------+---------+------------+------------+------+-----------+
| Dango     | Ouattara   |      11 | 2002-02-11 | midfielder |   22 | February  |
| Emiliano  | Marcondes  |      13 | 1995-03-09 | Midfielder |   29 | March     |
| Alex      | Scott      |      14 | 2003-08-21 | Midfielder |   20 | August    |
| Adam      | Smith      |      15 | 1991-04-29 | Defender   |   33 | April     |
| Marcus    | Tavernier  |      16 | 1999-03-22 | Midfielder |   25 | March     |
| Luis      | Sinisterra |      17 | 1999-06-17 | Forward    |   25 | June      |
| Tyler     | Adams      |      18 | 1999-02-14 | Midfielder |   25 | February  |
| Justin    | Kluivert   |      19 | 1999-05-05 | Forward    |   25 | May       |
| Andrei    | Radu       |      20 | 1997-05-28 | Goalkeeper |   27 | May       |
| Kieffer   | Moore      |      21 | 1992-08-08 | Forward    |   31 | August    |
| Hamed     | Traorè     |      22 | 2000-02-16 | Midfielder |   24 | February  |
| Antoine   | Semenyo    |      24 | 2000-01-07 | Forward    |   24 | January   |
| Marcos    | Senesi     |      25 | 1997-05-10 | Defender   |   27 | May       |
| Gavin     | Kilkenny   |      26 | 2000-02-01 | Midfielder |   24 | February  |
| Illia     | Zabarnyi   |      27 | 2002-09-01 | Defender   |   21 | September |
| Philip    | Billing    |      29 | 1996-06-11 | Midfielder |   28 | June      |
| Max       | Aarons     |      37 | 1999-01-04 | Defender   |   24 | January   |
| Mark      | Travers    |      42 | 1999-05-18 | Goalkeeper |   25 | May       |
| Ben       | Greenwood  |      43 | 2003-02-20 | Defender   |   21 | February  |
| Cameron   | Plain      |      45 | 2001-09-24 | Goalkeeper |   22 | September |
+-----------+------------+---------+------------+------------+------+-----------+
20 rows in set (0.02 sec)

mysql> select * from player where shirtno<10 and birthdate>'1990-12-31';
+-----------+------------+---------+------------+------------+------+-----------+
| firstName | lastName   | shirtNo | birthDate  | position   | age  | month     |
+-----------+------------+---------+------------+------------+------+-----------+
| Ryan      | Fredericks |       2 | 1992-10-10 | Defender   |   31 | October   |
| Milos     | Kerkez     |       3 | 2003-11-07 | Defender   |   20 | November  |
| Lewis     | Cook       |       4 | 1997-02-03 | Midfielder |   27 | February  |
| Lloyd     | Kelly      |       5 | 1998-10-06 | Defender   |   25 | October   |
| Chris     | Mepham     |       6 | 1997-11-05 | Defender   |   26 | November  |
| David     | Brooks     |       7 | 1997-07-08 | Midfielder |   27 | July      |
| Joe       | Rothwell   |       8 | 1995-01-11 | Midfielder |   29 | January   |
| Dominic   | Solanke    |       9 | 1997-09-14 | Forward    |   26 | September |
+-----------+------------+---------+------------+------------+------+-----------+
8 rows in set (0.02 sec)

mysql> 
